Archive member included to satisfy reference by file (symbol)

p:/sw/tool/gcc-arm-none-eabi-10.3-2021.10/bin/../lib/gcc/arm-none-eabi/10.3.1/../../../../arm-none-eabi/lib/thumb/v7-m/nofp\libc_nano.a(lib_a-exit.o)
                              p:/sw/tool/gcc-arm-none-eabi-10.3-2021.10/bin/../lib/gcc/arm-none-eabi/10.3.1/../../../../arm-none-eabi/lib/thumb/v7-m/nofp/crt0.o (exit)
p:/sw/tool/gcc-arm-none-eabi-10.3-2021.10/bin/../lib/gcc/arm-none-eabi/10.3.1/../../../../arm-none-eabi/lib/thumb/v7-m/nofp\libc_nano.a(lib_a-impure.o)
                              p:/sw/tool/gcc-arm-none-eabi-10.3-2021.10/bin/../lib/gcc/arm-none-eabi/10.3.1/../../../../arm-none-eabi/lib/thumb/v7-m/nofp\libc_nano.a(lib_a-exit.o) (_global_impure_ptr)
p:/sw/tool/gcc-arm-none-eabi-10.3-2021.10/bin/../lib/gcc/arm-none-eabi/10.3.1/../../../../arm-none-eabi/lib/thumb/v7-m/nofp\libc_nano.a(lib_a-init.o)
                              p:/sw/tool/gcc-arm-none-eabi-10.3-2021.10/bin/../lib/gcc/arm-none-eabi/10.3.1/../../../../arm-none-eabi/lib/thumb/v7-m/nofp/crt0.o (__libc_init_array)
p:/sw/tool/gcc-arm-none-eabi-10.3-2021.10/bin/../lib/gcc/arm-none-eabi/10.3.1/../../../../arm-none-eabi/lib/thumb/v7-m/nofp\libc_nano.a(lib_a-memset.o)
                              p:/sw/tool/gcc-arm-none-eabi-10.3-2021.10/bin/../lib/gcc/arm-none-eabi/10.3.1/../../../../arm-none-eabi/lib/thumb/v7-m/nofp/crt0.o (memset)
p:/sw/tool/gcc-arm-none-eabi-10.3-2021.10/bin/../lib/gcc/arm-none-eabi/10.3.1/../../../../arm-none-eabi/lib/thumb/v7-m/nofp\libnosys.a(_exit.o)
                              p:/sw/tool/gcc-arm-none-eabi-10.3-2021.10/bin/../lib/gcc/arm-none-eabi/10.3.1/../../../../arm-none-eabi/lib/thumb/v7-m/nofp\libc_nano.a(lib_a-exit.o) (_exit)

Discarded input sections

 .text          0x00000000        0x0 p:/sw/tool/gcc-arm-none-eabi-10.3-2021.10/bin/../lib/gcc/arm-none-eabi/10.3.1/thumb/v7-m/nofp/crti.o
 .data          0x00000000        0x0 p:/sw/tool/gcc-arm-none-eabi-10.3-2021.10/bin/../lib/gcc/arm-none-eabi/10.3.1/thumb/v7-m/nofp/crti.o
 .bss           0x00000000        0x0 p:/sw/tool/gcc-arm-none-eabi-10.3-2021.10/bin/../lib/gcc/arm-none-eabi/10.3.1/thumb/v7-m/nofp/crti.o
 .data          0x00000000        0x4 p:/sw/tool/gcc-arm-none-eabi-10.3-2021.10/bin/../lib/gcc/arm-none-eabi/10.3.1/thumb/v7-m/nofp/crtbegin.o
 .rodata        0x00000000       0x24 p:/sw/tool/gcc-arm-none-eabi-10.3-2021.10/bin/../lib/gcc/arm-none-eabi/10.3.1/thumb/v7-m/nofp/crtbegin.o
 .text          0x00000000       0x7c p:/sw/tool/gcc-arm-none-eabi-10.3-2021.10/bin/../lib/gcc/arm-none-eabi/10.3.1/../../../../arm-none-eabi/lib/thumb/v7-m/nofp/crt0.o
 .data          0x00000000        0x0 p:/sw/tool/gcc-arm-none-eabi-10.3-2021.10/bin/../lib/gcc/arm-none-eabi/10.3.1/../../../../arm-none-eabi/lib/thumb/v7-m/nofp/crt0.o
 .bss           0x00000000        0x0 p:/sw/tool/gcc-arm-none-eabi-10.3-2021.10/bin/../lib/gcc/arm-none-eabi/10.3.1/../../../../arm-none-eabi/lib/thumb/v7-m/nofp/crt0.o
 .ARM.extab     0x00000000        0x0 p:/sw/tool/gcc-arm-none-eabi-10.3-2021.10/bin/../lib/gcc/arm-none-eabi/10.3.1/../../../../arm-none-eabi/lib/thumb/v7-m/nofp/crt0.o
 .ARM.exidx     0x00000000       0x10 p:/sw/tool/gcc-arm-none-eabi-10.3-2021.10/bin/../lib/gcc/arm-none-eabi/10.3.1/../../../../arm-none-eabi/lib/thumb/v7-m/nofp/crt0.o
 .ARM.attributes
                0x00000000       0x1b p:/sw/tool/gcc-arm-none-eabi-10.3-2021.10/bin/../lib/gcc/arm-none-eabi/10.3.1/../../../../arm-none-eabi/lib/thumb/v7-m/nofp/crt0.o
 .text          0x00000000        0x0 build/main.o
 .data          0x00000000        0x0 build/main.o
 .bss           0x00000000        0x0 build/main.o
 .text          0x00000000        0x0 build/stm32f1xx_it.o
 .data          0x00000000        0x0 build/stm32f1xx_it.o
 .bss           0x00000000        0x0 build/stm32f1xx_it.o
 .text          0x00000000        0x0 build/stm32f1xx_hal_msp.o
 .data          0x00000000        0x0 build/stm32f1xx_hal_msp.o
 .bss           0x00000000        0x0 build/stm32f1xx_hal_msp.o
 .text          0x00000000        0x0 build/stm32f1xx_hal_gpio_ex.o
 .data          0x00000000        0x0 build/stm32f1xx_hal_gpio_ex.o
 .bss           0x00000000        0x0 build/stm32f1xx_hal_gpio_ex.o
 .text.HAL_GPIOEx_ConfigEventout
                0x00000000       0x14 build/stm32f1xx_hal_gpio_ex.o
 .text.HAL_GPIOEx_EnableEventout
                0x00000000       0x10 build/stm32f1xx_hal_gpio_ex.o
 .text.HAL_GPIOEx_DisableEventout
                0x00000000       0x10 build/stm32f1xx_hal_gpio_ex.o
 .debug_info    0x00000000      0x176 build/stm32f1xx_hal_gpio_ex.o
 .debug_abbrev  0x00000000       0xdc build/stm32f1xx_hal_gpio_ex.o
 .debug_loc     0x00000000       0x25 build/stm32f1xx_hal_gpio_ex.o
 .debug_aranges
                0x00000000       0x30 build/stm32f1xx_hal_gpio_ex.o
 .debug_ranges  0x00000000       0x20 build/stm32f1xx_hal_gpio_ex.o
 .debug_line    0x00000000      0x18f build/stm32f1xx_hal_gpio_ex.o
[...]
Memory Configuration

Name             Origin             Length             Attributes
RAM              0x20000000         0x00005000         xrw
FLASH            0x08000000         0x00010000         xr
*default*        0x00000000         0xffffffff

Linker script and memory map

LOAD p:/sw/tool/gcc-arm-none-eabi-10.3-2021.10/bin/../lib/gcc/arm-none-eabi/10.3.1/thumb/v7-m/nofp/crti.o
LOAD p:/sw/tool/gcc-arm-none-eabi-10.3-2021.10/bin/../lib/gcc/arm-none-eabi/10.3.1/thumb/v7-m/nofp/crtbegin.o
LOAD p:/sw/tool/gcc-arm-none-eabi-10.3-2021.10/bin/../lib/gcc/arm-none-eabi/10.3.1/../../../../arm-none-eabi/lib/thumb/v7-m/nofp/crt0.o
LOAD build/main.o
LOAD build/stm32f1xx_it.o
LOAD build/stm32f1xx_hal_msp.o
LOAD build/stm32f1xx_hal_gpio_ex.o
LOAD build/stm32f1xx_hal_tim.o
LOAD build/stm32f1xx_hal_tim_ex.o
LOAD build/stm32f1xx_hal.o
LOAD build/stm32f1xx_hal_rcc.o
LOAD build/stm32f1xx_hal_rcc_ex.o
LOAD build/stm32f1xx_hal_gpio.o
LOAD build/stm32f1xx_hal_dma.o
LOAD build/stm32f1xx_hal_cortex.o
LOAD build/stm32f1xx_hal_pwr.o
LOAD build/stm32f1xx_hal_flash.o
LOAD build/stm32f1xx_hal_flash_ex.o
LOAD build/stm32f1xx_hal_exti.o
LOAD build/system_stm32f1xx.o
LOAD build/usb_device.o
LOAD build/usbd_desc.o
LOAD build/usbd_cdc_if.o
LOAD build/usbd_conf.o
LOAD build/stm32f1xx_hal_pcd.o
LOAD build/stm32f1xx_hal_pcd_ex.o
LOAD build/stm32f1xx_ll_usb.o
LOAD build/usbd_core.o
LOAD build/usbd_ctlreq.o
LOAD build/usbd_ioreq.o
LOAD build/usbd_cdc.o
LOAD build/startup_stm32f103xb.o
LOAD p:/sw/tool/gcc-arm-none-eabi-10.3-2021.10/bin/../lib/gcc/arm-none-eabi/10.3.1/../../../../arm-none-eabi/lib/thumb/v7-m/nofp\libc_nano.a
LOAD p:/sw/tool/gcc-arm-none-eabi-10.3-2021.10/bin/../lib/gcc/arm-none-eabi/10.3.1/../../../../arm-none-eabi/lib/thumb/v7-m/nofp\libm.a
LOAD p:/sw/tool/gcc-arm-none-eabi-10.3-2021.10/bin/../lib/gcc/arm-none-eabi/10.3.1/../../../../arm-none-eabi/lib/thumb/v7-m/nofp\libnosys.a
START GROUP
LOAD p:/sw/tool/gcc-arm-none-eabi-10.3-2021.10/bin/../lib/gcc/arm-none-eabi/10.3.1/thumb/v7-m/nofp\libgcc.a
LOAD p:/sw/tool/gcc-arm-none-eabi-10.3-2021.10/bin/../lib/gcc/arm-none-eabi/10.3.1/../../../../arm-none-eabi/lib/thumb/v7-m/nofp\libc_nano.a
END GROUP
START GROUP
LOAD p:/sw/tool/gcc-arm-none-eabi-10.3-2021.10/bin/../lib/gcc/arm-none-eabi/10.3.1/thumb/v7-m/nofp\libgcc.a
LOAD p:/sw/tool/gcc-arm-none-eabi-10.3-2021.10/bin/../lib/gcc/arm-none-eabi/10.3.1/../../../../arm-none-eabi/lib/thumb/v7-m/nofp\libc_nano.a
END GROUP
LOAD p:/sw/tool/gcc-arm-none-eabi-10.3-2021.10/bin/../lib/gcc/arm-none-eabi/10.3.1/thumb/v7-m/nofp/crtend.o
LOAD p:/sw/tool/gcc-arm-none-eabi-10.3-2021.10/bin/../lib/gcc/arm-none-eabi/10.3.1/thumb/v7-m/nofp/crtn.o
                0x20005000                _estack = 0x20005000
                0x00000200                _Min_Heap_Size = 0x200
                0x00000400                _Min_Stack_Size = 0x400

.isr_vector     0x08000000      0x10c
                0x08000000                . = ALIGN (0x4)
 *(.isr_vector)
 .isr_vector    0x08000000      0x10c build/startup_stm32f103xb.o
                0x08000000                g_pfnVectors
                0x0800010c                . = ALIGN (0x4)

.text           0x0800010c     0x3d78
                0x0800010c                . = ALIGN (0x4)
 *(.text)
 .text          0x0800010c       0x40 p:/sw/tool/gcc-arm-none-eabi-10.3-2021.10/bin/../lib/gcc/arm-none-eabi/10.3.1/thumb/v7-m/nofp/crtbegin.o
 *(.text*)
 .text.MX_GPIO_Init
                0x0800014c       0x78 build/main.o
 .text.Error_Handler
                0x080001c4        0x4 build/main.o
                0x080001c4                Error_Handler
 .text.SystemClock_Config
                0x080001c8       0x82 build/main.o
                0x080001c8                SystemClock_Config
 *fill*         0x0800024a        0x2 
 .text.main     0x0800024c       0x2c build/main.o
                0x0800024c                main
 .text.NMI_Handler
                0x08000278        0x2 build/stm32f1xx_it.o
                0x08000278                NMI_Handler
 .text.HardFault_Handler
                0x0800027a        0x2 build/stm32f1xx_it.o
                0x0800027a                HardFault_Handler
 .text.MemManage_Handler
                0x0800027c        0x2 build/stm32f1xx_it.o
                0x0800027c                MemManage_Handler
 .text.BusFault_Handler
                0x0800027e        0x2 build/stm32f1xx_it.o
                0x0800027e                BusFault_Handler
 .text.UsageFault_Handler
                0x08000280        0x2 build/stm32f1xx_it.o
                0x08000280                UsageFault_Handler
 .text.SVC_Handler
                0x08000282        0x2 build/stm32f1xx_it.o
                0x08000282                SVC_Handler
 .text.DebugMon_Handler
                0x08000284        0x2 build/stm32f1xx_it.o
                0x08000284                DebugMon_Handler
 .text.PendSV_Handler
                0x08000286        0x2 build/stm32f1xx_it.o
                0x08000286                PendSV_Handler
 .text.SysTick_Handler
                0x08000288        0x8 build/stm32f1xx_it.o
                0x08000288                SysTick_Handler
 .text.USB_LP_CAN1_RX0_IRQHandler
                0x08000290       0x10 build/stm32f1xx_it.o
                0x08000290                USB_LP_CAN1_RX0_IRQHandler
 .text.HAL_MspInit
                0x080002a0       0x44 build/stm32f1xx_hal_msp.o
                0x080002a0                HAL_MspInit
 .text.HAL_InitTick
                0x080002e4       0x4c build/stm32f1xx_hal.o
                0x080002e4                HAL_InitTick
 .text.HAL_Init
                0x08000330       0x24 build/stm32f1xx_hal.o
                0x08000330                HAL_Init
 .text.HAL_IncTick
                0x08000354       0x18 build/stm32f1xx_hal.o
                0x08000354                HAL_IncTick
 .text.HAL_GetTick
                0x0800036c        0xc build/stm32f1xx_hal.o
                0x0800036c                HAL_GetTick
 .text.HAL_Delay
                0x08000378       0x28 build/stm32f1xx_hal.o
                0x08000378                HAL_Delay
 .text.RCC_Delay
                0x080003a0       0x2c build/stm32f1xx_hal_rcc.o
 .text.HAL_RCC_OscConfig
                0x080003cc      0x410 build/stm32f1xx_hal_rcc.o
                0x080003cc                HAL_RCC_OscConfig
 .text.HAL_RCC_GetSysClockFreq
                0x080007dc       0x70 build/stm32f1xx_hal_rcc.o
                0x080007dc                HAL_RCC_GetSysClockFreq
 .text.HAL_RCC_ClockConfig
                0x0800084c      0x16c build/stm32f1xx_hal_rcc.o
                0x0800084c                HAL_RCC_ClockConfig
 .text.HAL_RCCEx_PeriphCLKConfig
                0x080009b8      0x118 build/stm32f1xx_hal_rcc_ex.o
                0x080009b8                HAL_RCCEx_PeriphCLKConfig
 .text.HAL_GPIO_Init
                0x08000ad0      0x224 build/stm32f1xx_hal_gpio.o
                0x08000ad0                HAL_GPIO_Init
 .text.HAL_GPIO_WritePin
                0x08000cf4        0xc build/stm32f1xx_hal_gpio.o
                0x08000cf4                HAL_GPIO_WritePin
 .text.HAL_GPIO_TogglePin
                0x08000d00       0x12 build/stm32f1xx_hal_gpio.o
                0x08000d00                HAL_GPIO_TogglePin
 *fill*         0x08000d12        0x2 
 .text.HAL_NVIC_SetPriorityGrouping
                0x08000d14       0x24 build/stm32f1xx_hal_cortex.o
                0x08000d14                HAL_NVIC_SetPriorityGrouping
 .text.HAL_NVIC_SetPriority
                0x08000d38       0x70 build/stm32f1xx_hal_cortex.o
                0x08000d38                HAL_NVIC_SetPriority
 .text.HAL_NVIC_EnableIRQ
                0x08000da8       0x1c build/stm32f1xx_hal_cortex.o
                0x08000da8                HAL_NVIC_EnableIRQ
 .text.HAL_SYSTICK_Config
                0x08000dc4       0x28 build/stm32f1xx_hal_cortex.o
                0x08000dc4                HAL_SYSTICK_Config
 .text.SystemInit
                0x08000dec        0x2 build/system_stm32f1xx.o
                0x08000dec                SystemInit
 *fill*         0x08000dee        0x2 
 .text.MX_USB_DEVICE_Init
                0x08000df0       0x54 build/usb_device.o
                0x08000df0                MX_USB_DEVICE_Init
 .text.USBD_FS_DeviceDescriptor
                0x08000e44        0xc build/usbd_desc.o
                0x08000e44                USBD_FS_DeviceDescriptor
 .text.USBD_FS_LangIDStrDescriptor
                0x08000e50        0xc build/usbd_desc.o
                0x08000e50                USBD_FS_LangIDStrDescriptor
 .text.IntToUnicode
                0x08000e5c       0x46 build/usbd_desc.o
 *fill*         0x08000ea2        0x2 
 .text.Get_SerialNum
                0x08000ea4       0x38 build/usbd_desc.o
 .text.USBD_FS_SerialStrDescriptor
                0x08000edc       0x14 build/usbd_desc.o
                0x08000edc                USBD_FS_SerialStrDescriptor
 .text.USBD_FS_ProductStrDescriptor
                0x08000ef0       0x24 build/usbd_desc.o
                0x08000ef0                USBD_FS_ProductStrDescriptor
 .text.USBD_FS_ManufacturerStrDescriptor
                0x08000f14       0x1c build/usbd_desc.o
                0x08000f14                USBD_FS_ManufacturerStrDescriptor
 .text.USBD_FS_ConfigStrDescriptor
                0x08000f30       0x24 build/usbd_desc.o
                0x08000f30                USBD_FS_ConfigStrDescriptor
 .text.USBD_FS_InterfaceStrDescriptor
                0x08000f54       0x24 build/usbd_desc.o
                0x08000f54                USBD_FS_InterfaceStrDescriptor
 .text.CDC_DeInit_FS
                0x08000f78        0x4 build/usbd_cdc_if.o
 .text.CDC_Control_FS
                0x08000f7c        0x4 build/usbd_cdc_if.o
 .text.CDC_Receive_FS
                0x08000f80       0x1c build/usbd_cdc_if.o
 .text.CDC_Init_FS
                0x08000f9c       0x28 build/usbd_cdc_if.o
 .text.USBD_Get_USB_Status
                0x08000fc4       0x14 build/usbd_conf.o
 .text.HAL_PCD_MspInit
                0x08000fd8       0x40 build/usbd_conf.o
                0x08000fd8                HAL_PCD_MspInit
 .text.HAL_PCD_SetupStageCallback
                0x08001018       0x10 build/usbd_conf.o
                0x08001018                HAL_PCD_SetupStageCallback
 .text.HAL_PCD_DataOutStageCallback
                0x08001028       0x18 build/usbd_conf.o
                0x08001028                HAL_PCD_DataOutStageCallback
 .text.HAL_PCD_DataInStageCallback
                0x08001040       0x16 build/usbd_conf.o
                0x08001040                HAL_PCD_DataInStageCallback
 .text.HAL_PCD_SOFCallback
                0x08001056        0xc build/usbd_conf.o
                0x08001056                HAL_PCD_SOFCallback
 .text.HAL_PCD_ResetCallback
                0x08001062       0x24 build/usbd_conf.o
                0x08001062                HAL_PCD_ResetCallback
 *fill*         0x08001086        0x2 
 .text.HAL_PCD_SuspendCallback
                0x08001088       0x20 build/usbd_conf.o
                0x08001088                HAL_PCD_SuspendCallback
 .text.HAL_PCD_ResumeCallback
                0x080010a8        0xc build/usbd_conf.o
                0x080010a8                HAL_PCD_ResumeCallback
 .text.USBD_LL_Init
                0x080010b4       0x84 build/usbd_conf.o
                0x080010b4                USBD_LL_Init
 .text.USBD_LL_Start
                0x08001138       0x10 build/usbd_conf.o
                0x08001138                USBD_LL_Start
 .text.USBD_LL_OpenEP
                0x08001148       0x16 build/usbd_conf.o
                0x08001148                USBD_LL_OpenEP
 .text.USBD_LL_CloseEP
                0x0800115e       0x10 build/usbd_conf.o
                0x0800115e                USBD_LL_CloseEP
 .text.USBD_LL_StallEP
                0x0800116e       0x10 build/usbd_conf.o
                0x0800116e                USBD_LL_StallEP
 .text.USBD_LL_ClearStallEP
                0x0800117e       0x10 build/usbd_conf.o
                0x0800117e                USBD_LL_ClearStallEP
 .text.USBD_LL_IsStallEP
                0x0800118e       0x2e build/usbd_conf.o
                0x0800118e                USBD_LL_IsStallEP
 .text.USBD_LL_SetUSBAddress
                0x080011bc       0x10 build/usbd_conf.o
                0x080011bc                USBD_LL_SetUSBAddress
 .text.USBD_LL_Transmit
                0x080011cc       0x10 build/usbd_conf.o
                0x080011cc                USBD_LL_Transmit
 .text.USBD_LL_PrepareReceive
                0x080011dc       0x10 build/usbd_conf.o
                0x080011dc                USBD_LL_PrepareReceive
 .text.USBD_LL_GetRxDataSize
                0x080011ec        0xc build/usbd_conf.o
                0x080011ec                USBD_LL_GetRxDataSize
 .text.USBD_static_malloc
                0x080011f8        0x8 build/usbd_conf.o
                0x080011f8                USBD_static_malloc
 .text.USBD_static_free
                0x08001200        0x2 build/usbd_conf.o
                0x08001200                USBD_static_free
 .text.HAL_PCDEx_SetConnectionState
                0x08001202        0x2 build/usbd_conf.o
                0x08001202                HAL_PCDEx_SetConnectionState
 .text.HAL_PCD_EP_DB_Receive
                0x08001204      0x11c build/stm32f1xx_hal_pcd.o
 .text.HAL_PCD_Init
                0x08001320      0x118 build/stm32f1xx_hal_pcd.o
                0x08001320                HAL_PCD_Init
 .text.HAL_PCD_Start
                0x08001438       0x32 build/stm32f1xx_hal_pcd.o
                0x08001438                HAL_PCD_Start
 .text.HAL_PCD_EP_DB_Transmit
                0x0800146a      0x420 build/stm32f1xx_hal_pcd.o
 .text.PCD_EP_ISR_Handler
                0x0800188a      0x438 build/stm32f1xx_hal_pcd.o
 .text.HAL_PCD_SetAddress
                0x08001cc2       0x28 build/stm32f1xx_hal_pcd.o
                0x08001cc2                HAL_PCD_SetAddress
 .text.HAL_PCD_IRQHandler
                0x08001cea      0x1d4 build/stm32f1xx_hal_pcd.o
                0x08001cea                HAL_PCD_IRQHandler
 .text.HAL_PCD_EP_Open
                0x08001ebe       0x84 build/stm32f1xx_hal_pcd.o
                0x08001ebe                HAL_PCD_EP_Open
 .text.HAL_PCD_EP_Close
                0x08001f42       0x64 build/stm32f1xx_hal_pcd.o
                0x08001f42                HAL_PCD_EP_Close
 .text.HAL_PCD_EP_Receive
                0x08001fa6       0x44 build/stm32f1xx_hal_pcd.o
                0x08001fa6                HAL_PCD_EP_Receive
 .text.HAL_PCD_EP_GetRxCount
                0x08001fea       0x12 build/stm32f1xx_hal_pcd.o
                0x08001fea                HAL_PCD_EP_GetRxCount
 .text.HAL_PCD_EP_Transmit
                0x08001ffc       0x50 build/stm32f1xx_hal_pcd.o
                0x08001ffc                HAL_PCD_EP_Transmit
 .text.HAL_PCD_EP_SetStall
                0x0800204c       0x78 build/stm32f1xx_hal_pcd.o
                0x0800204c                HAL_PCD_EP_SetStall
 .text.HAL_PCD_EP_ClrStall
                0x080020c4       0x76 build/stm32f1xx_hal_pcd.o
                0x080020c4                HAL_PCD_EP_ClrStall
 .text.HAL_PCDEx_PMAConfig
                0x0800213a       0x38 build/stm32f1xx_hal_pcd_ex.o
                0x0800213a                HAL_PCDEx_PMAConfig
 .text.USB_CoreInit
                0x08002172        0xe build/stm32f1xx_ll_usb.o
                0x08002172                USB_CoreInit
 .text.USB_EnableGlobalInt
                0x08002180       0x12 build/stm32f1xx_ll_usb.o
                0x08002180                USB_EnableGlobalInt
 .text.USB_DisableGlobalInt
                0x08002192       0x14 build/stm32f1xx_ll_usb.o
                0x08002192                USB_DisableGlobalInt
 .text.USB_SetCurrentMode
                0x080021a6        0x4 build/stm32f1xx_ll_usb.o
                0x080021a6                USB_SetCurrentMode
 .text.USB_DevInit
                0x080021aa       0x22 build/stm32f1xx_ll_usb.o
                0x080021aa                USB_DevInit
 .text.USB_ActivateEndpoint
                0x080021cc      0x378 build/stm32f1xx_ll_usb.o
                0x080021cc                USB_ActivateEndpoint
 .text.USB_DeactivateEndpoint
                0x08002544      0x1d6 build/stm32f1xx_ll_usb.o
                0x08002544                USB_DeactivateEndpoint
 .text.USB_EPSetStall
                0x0800271a       0x4a build/stm32f1xx_ll_usb.o
                0x0800271a                USB_EPSetStall
 .text.USB_EPClearStall
                0x08002764       0xa2 build/stm32f1xx_ll_usb.o
                0x08002764                USB_EPClearStall
 .text.USB_SetDevAddress
                0x08002806        0xc build/stm32f1xx_ll_usb.o
                0x08002806                USB_SetDevAddress
 .text.USB_DevConnect
                0x08002812        0x4 build/stm32f1xx_ll_usb.o
                0x08002812                USB_DevConnect
 .text.USB_DevDisconnect
                0x08002816        0x4 build/stm32f1xx_ll_usb.o
                0x08002816                USB_DevDisconnect
 .text.USB_ReadInterrupts
                0x0800281a        0x8 build/stm32f1xx_ll_usb.o
                0x0800281a                USB_ReadInterrupts
 .text.USB_EP0_OutStart
                0x08002822        0x4 build/stm32f1xx_ll_usb.o
                0x08002822                USB_EP0_OutStart
 .text.USB_WritePMA
                0x08002826       0x28 build/stm32f1xx_ll_usb.o
                0x08002826                USB_WritePMA
 .text.USB_EPStartXfer
                0x0800284e      0x8b2 build/stm32f1xx_ll_usb.o
                0x0800284e                USB_EPStartXfer
 .text.USB_ReadPMA
                0x08003100       0x30 build/stm32f1xx_ll_usb.o
                0x08003100                USB_ReadPMA
 .text.USBD_Init
                0x08003130       0x2e build/usbd_core.o
                0x08003130                USBD_Init
 .text.USBD_RegisterClass
                0x0800315e        0xe build/usbd_core.o
                0x0800315e                USBD_RegisterClass
 .text.USBD_Start
                0x0800316c        0xa build/usbd_core.o
                0x0800316c                USBD_Start
 .text.USBD_SetClassConfig
                0x08003176       0x18 build/usbd_core.o
                0x08003176                USBD_SetClassConfig
 .text.USBD_ClrClassConfig
                0x0800318e        0xe build/usbd_core.o
                0x0800318e                USBD_ClrClassConfig
 .text.USBD_LL_SetupStage
                0x0800319c       0x5a build/usbd_core.o
                0x0800319c                USBD_LL_SetupStage
 .text.USBD_LL_DataOutStage
                0x080031f6       0x8c build/usbd_core.o
                0x080031f6                USBD_LL_DataOutStage
 .text.USBD_LL_DataInStage
                0x08003282       0xd0 build/usbd_core.o
                0x08003282                USBD_LL_DataInStage
 .text.USBD_LL_Reset
                0x08003352       0x50 build/usbd_core.o
                0x08003352                USBD_LL_Reset
 .text.USBD_LL_SetSpeed
                0x080033a2        0x6 build/usbd_core.o
                0x080033a2                USBD_LL_SetSpeed
 .text.USBD_LL_Suspend
                0x080033a8       0x12 build/usbd_core.o
                0x080033a8                USBD_LL_Suspend
 .text.USBD_LL_Resume
                0x080033ba       0x16 build/usbd_core.o
                0x080033ba                USBD_LL_Resume
 .text.USBD_LL_SOF
                0x080033d0       0x1c build/usbd_core.o
                0x080033d0                USBD_LL_SOF
 .text.USBD_GetLen
                0x080033ec       0x14 build/usbd_ctlreq.o
 .text.USBD_SetFeature
                0x08003400       0x14 build/usbd_ctlreq.o
 .text.USBD_ParseSetupRequest
                0x08003414       0x28 build/usbd_ctlreq.o
                0x08003414                USBD_ParseSetupRequest
 .text.USBD_CtlError
                0x0800343c       0x14 build/usbd_ctlreq.o
                0x0800343c                USBD_CtlError
 .text.USBD_GetDescriptor
                0x08003450      0x186 build/usbd_ctlreq.o
 .text.USBD_SetAddress
                0x080035d6       0x4e build/usbd_ctlreq.o
 .text.USBD_SetConfig
                0x08003624       0xb0 build/usbd_ctlreq.o
 .text.USBD_GetConfig
                0x080036d4       0x3e build/usbd_ctlreq.o
 .text.USBD_GetStatus
                0x08003712       0x38 build/usbd_ctlreq.o
 .text.USBD_ClrFeature
                0x0800374a       0x26 build/usbd_ctlreq.o
 .text.USBD_StdDevReq
                0x08003770       0x68 build/usbd_ctlreq.o
                0x08003770                USBD_StdDevReq
 .text.USBD_StdItfReq
                0x080037d8       0x60 build/usbd_ctlreq.o
                0x080037d8                USBD_StdItfReq
 .text.USBD_StdEPReq
                0x08003838      0x1e2 build/usbd_ctlreq.o
                0x08003838                USBD_StdEPReq
 .text.USBD_GetString
                0x08003a1a       0x3a build/usbd_ctlreq.o
                0x08003a1a                USBD_GetString
 .text.USBD_CtlSendData
                0x08003a54       0x1a build/usbd_ioreq.o
                0x08003a54                USBD_CtlSendData
 .text.USBD_CtlContinueSendData
                0x08003a6e       0x10 build/usbd_ioreq.o
                0x08003a6e                USBD_CtlContinueSendData
 .text.USBD_CtlPrepareRx
                0x08003a7e       0x1e build/usbd_ioreq.o
                0x08003a7e                USBD_CtlPrepareRx
 .text.USBD_CtlContinueRx
                0x08003a9c       0x10 build/usbd_ioreq.o
                0x08003a9c                USBD_CtlContinueRx
 .text.USBD_CtlSendStatus
                0x08003aac       0x16 build/usbd_ioreq.o
                0x08003aac                USBD_CtlSendStatus
 .text.USBD_CtlReceiveStatus
                0x08003ac2       0x16 build/usbd_ioreq.o
                0x08003ac2                USBD_CtlReceiveStatus
 .text.USBD_CDC_EP0_RxReady
                0x08003ad8       0x28 build/usbd_cdc.o
 .text.USBD_CDC_GetFSCfgDesc
                0x08003b00        0xc build/usbd_cdc.o
 .text.USBD_CDC_GetHSCfgDesc
                0x08003b0c        0xc build/usbd_cdc.o
 .text.USBD_CDC_GetOtherSpeedCfgDesc
                0x08003b18        0xc build/usbd_cdc.o
 .text.USBD_CDC_GetDeviceQualifierDescriptor
                0x08003b24        0xc build/usbd_cdc.o
                0x08003b24                USBD_CDC_GetDeviceQualifierDescriptor
 .text.USBD_CDC_DataOut
                0x08003b30       0x2e build/usbd_cdc.o
 .text.USBD_CDC_DataIn
                0x08003b5e       0x4e build/usbd_cdc.o
 .text.USBD_CDC_Setup
                0x08003bac       0xd6 build/usbd_cdc.o
 .text.USBD_CDC_DeInit
                0x08003c82       0x42 build/usbd_cdc.o
 .text.USBD_CDC_Init
                0x08003cc4       0xaa build/usbd_cdc.o
 .text.USBD_CDC_RegisterInterface
                0x08003d6e        0xe build/usbd_cdc.o
                0x08003d6e                USBD_CDC_RegisterInterface
 .text.USBD_CDC_SetTxBuffer
                0x08003d7c       0x10 build/usbd_cdc.o
                0x08003d7c                USBD_CDC_SetTxBuffer
 .text.USBD_CDC_SetRxBuffer
                0x08003d8c        0xc build/usbd_cdc.o
                0x08003d8c                USBD_CDC_SetRxBuffer
 .text.USBD_CDC_ReceivePacket
                0x08003d98       0x30 build/usbd_cdc.o
                0x08003d98                USBD_CDC_ReceivePacket
 .text.Reset_Handler
                0x08003dc8       0x48 build/startup_stm32f103xb.o
                0x08003dc8                Reset_Handler
 .text.Default_Handler
                0x08003e10        0x2 build/startup_stm32f103xb.o
                0x08003e10                RTC_Alarm_IRQHandler
                0x08003e10                EXTI2_IRQHandler
                0x08003e10                TIM1_CC_IRQHandler
                0x08003e10                PVD_IRQHandler
                0x08003e10                EXTI3_IRQHandler
                0x08003e10                EXTI0_IRQHandler
                0x08003e10                I2C2_EV_IRQHandler
                0x08003e10                ADC1_2_IRQHandler
                0x08003e10                SPI1_IRQHandler
                0x08003e10                TAMPER_IRQHandler
                0x08003e10                DMA1_Channel4_IRQHandler
                0x08003e10                USART3_IRQHandler
                0x08003e10                RTC_IRQHandler
                0x08003e10                DMA1_Channel7_IRQHandler
                0x08003e10                CAN1_RX1_IRQHandler
                0x08003e10                TIM4_IRQHandler
                0x08003e10                I2C1_EV_IRQHandler
                0x08003e10                DMA1_Channel6_IRQHandler
                0x08003e10                TIM3_IRQHandler
                0x08003e10                RCC_IRQHandler
                0x08003e10                TIM1_TRG_COM_IRQHandler
                0x08003e10                DMA1_Channel1_IRQHandler
                0x08003e10                Default_Handler
                0x08003e10                EXTI15_10_IRQHandler
                0x08003e10                EXTI9_5_IRQHandler
                0x08003e10                SPI2_IRQHandler
                0x08003e10                DMA1_Channel5_IRQHandler
                0x08003e10                EXTI4_IRQHandler
                0x08003e10                USB_HP_CAN1_TX_IRQHandler
                0x08003e10                DMA1_Channel3_IRQHandler
                0x08003e10                TIM1_UP_IRQHandler
                0x08003e10                WWDG_IRQHandler
                0x08003e10                TIM2_IRQHandler
                0x08003e10                TIM1_BRK_IRQHandler
                0x08003e10                EXTI1_IRQHandler
                0x08003e10                USART2_IRQHandler
                0x08003e10                I2C2_ER_IRQHandler
                0x08003e10                DMA1_Channel2_IRQHandler
                0x08003e10                CAN1_SCE_IRQHandler
                0x08003e10                FLASH_IRQHandler
                0x08003e10                USART1_IRQHandler
                0x08003e10                I2C1_ER_IRQHandler
                0x08003e10                USBWakeUp_IRQHandler
 *fill*         0x08003e12        0x2 
 .text.__libc_init_array
                0x08003e14       0x48 p:/sw/tool/gcc-arm-none-eabi-10.3-2021.10/bin/../lib/gcc/arm-none-eabi/10.3.1/../../../../arm-none-eabi/lib/thumb/v7-m/nofp\libc_nano.a(lib_a-init.o)
                0x08003e14                __libc_init_array
 .text.memset   0x08003e5c       0x10 p:/sw/tool/gcc-arm-none-eabi-10.3-2021.10/bin/../lib/gcc/arm-none-eabi/10.3.1/../../../../arm-none-eabi/lib/thumb/v7-m/nofp\libc_nano.a(lib_a-memset.o)
                0x08003e5c                memset
 *(.glue_7)
 .glue_7        0x08003e6c        0x0 linker stubs
 *(.glue_7t)
 .glue_7t       0x08003e6c        0x0 linker stubs
 *(.eh_frame)
 .eh_frame      0x08003e6c        0x0 p:/sw/tool/gcc-arm-none-eabi-10.3-2021.10/bin/../lib/gcc/arm-none-eabi/10.3.1/thumb/v7-m/nofp/crtbegin.o
 *(.init)
 .init          0x08003e6c        0x4 p:/sw/tool/gcc-arm-none-eabi-10.3-2021.10/bin/../lib/gcc/arm-none-eabi/10.3.1/thumb/v7-m/nofp/crti.o
                0x08003e6c                _init
 .init          0x08003e70        0x8 p:/sw/tool/gcc-arm-none-eabi-10.3-2021.10/bin/../lib/gcc/arm-none-eabi/10.3.1/thumb/v7-m/nofp/crtn.o
 *(.fini)
 .fini          0x08003e78        0x4 p:/sw/tool/gcc-arm-none-eabi-10.3-2021.10/bin/../lib/gcc/arm-none-eabi/10.3.1/thumb/v7-m/nofp/crti.o
                0x08003e78                _fini
 .fini          0x08003e7c        0x8 p:/sw/tool/gcc-arm-none-eabi-10.3-2021.10/bin/../lib/gcc/arm-none-eabi/10.3.1/thumb/v7-m/nofp/crtn.o
                0x08003e84                . = ALIGN (0x4)
                0x08003e84                _etext = .

.vfp11_veneer   0x08003e84        0x0
 .vfp11_veneer  0x08003e84        0x0 linker stubs

.v4_bx          0x08003e84        0x0
 .v4_bx         0x08003e84        0x0 linker stubs

.iplt           0x08003e84        0x0
 .iplt          0x08003e84        0x0 p:/sw/tool/gcc-arm-none-eabi-10.3-2021.10/bin/../lib/gcc/arm-none-eabi/10.3.1/thumb/v7-m/nofp/crtbegin.o

.rodata         0x08003e84       0x6c
                0x08003e84                . = ALIGN (0x4)
 *(.rodata)
 *(.rodata*)
 .rodata.HAL_RCC_GetSysClockFreq.str1.4
                0x08003e84       0x11 build/stm32f1xx_hal_rcc.o
 *fill*         0x08003e95        0x3 
 .rodata.AHBPrescTable
                0x08003e98       0x10 build/system_stm32f1xx.o
                0x08003e98                AHBPrescTable
 .rodata.USBD_FS_ProductStrDescriptor.str1.4
                0x08003ea8       0x16 build/usbd_desc.o
 *fill*         0x08003ebe        0x2 
 .rodata.USBD_FS_ManufacturerStrDescriptor.str1.4
                0x08003ec0       0x13 build/usbd_desc.o
 *fill*         0x08003ed3        0x1 
 .rodata.USBD_FS_ConfigStrDescriptor.str1.4
                0x08003ed4        0xb build/usbd_desc.o
 *fill*         0x08003edf        0x1 
 .rodata.USBD_FS_InterfaceStrDescriptor.str1.4
                0x08003ee0        0xe build/usbd_desc.o
                0x08003ef0                . = ALIGN (0x4)
 *fill*         0x08003eee        0x2 

.rel.dyn        0x08003ef0        0x0
 .rel.iplt      0x08003ef0        0x0 p:/sw/tool/gcc-arm-none-eabi-10.3-2021.10/bin/../lib/gcc/arm-none-eabi/10.3.1/thumb/v7-m/nofp/crtbegin.o

.ARM.extab
 *(.ARM.extab* .gnu.linkonce.armextab.*)

.ARM            0x08003ef0        0x0
                0x08003ef0                __exidx_start = .
 *(.ARM.exidx*)
                0x08003ef0                __exidx_end = .

.preinit_array  0x08003ef0        0x0
                0x08003ef0                PROVIDE (__preinit_array_start = .)
 *(.preinit_array*)
                0x08003ef0                PROVIDE (__preinit_array_end = .)

.init_array     0x08003ef0        0x4
                0x08003ef0                PROVIDE (__init_array_start = .)
 *(SORT_BY_NAME(.init_array.*))
 *(.init_array*)
 .init_array    0x08003ef0        0x4 p:/sw/tool/gcc-arm-none-eabi-10.3-2021.10/bin/../lib/gcc/arm-none-eabi/10.3.1/thumb/v7-m/nofp/crtbegin.o
                0x08003ef4                PROVIDE (__init_array_end = .)

.fini_array     0x08003ef4        0x4
                [!provide]                PROVIDE (__fini_array_start = .)
 *(SORT_BY_NAME(.fini_array.*))
 *(.fini_array*)
 .fini_array    0x08003ef4        0x4 p:/sw/tool/gcc-arm-none-eabi-10.3-2021.10/bin/../lib/gcc/arm-none-eabi/10.3.1/thumb/v7-m/nofp/crtbegin.o
                [!provide]                PROVIDE (__fini_array_end = .)
                0x08003ef8                _sidata = LOADADDR (.data)

.data           0x20000000      0x17c load address 0x08003ef8
                0x20000000                . = ALIGN (0x4)
                0x20000000                _sdata = .
 *(.data)
 *(.data*)
 .data.uwTickFreq
                0x20000000        0x1 build/stm32f1xx_hal.o
                0x20000000                uwTickFreq
 *fill*         0x20000001        0x3 
 .data.uwTickPrio
                0x20000004        0x4 build/stm32f1xx_hal.o
                0x20000004                uwTickPrio
 .data.SystemCoreClock
                0x20000008        0x4 build/system_stm32f1xx.o
                0x20000008                SystemCoreClock
 .data.FS_Desc  0x2000000c       0x1c build/usbd_desc.o
                0x2000000c                FS_Desc
 .data.USBD_FS_DeviceDesc
                0x20000028       0x12 build/usbd_desc.o
                0x20000028                USBD_FS_DeviceDesc
 *fill*         0x2000003a        0x2 
 .data.USBD_LangIDDesc
                0x2000003c        0x4 build/usbd_desc.o
                0x2000003c                USBD_LangIDDesc
 .data.USBD_StringSerial
                0x20000040       0x1a build/usbd_desc.o
                0x20000040                USBD_StringSerial
 *fill*         0x2000005a        0x2 
 .data.USBD_Interface_fops_FS
                0x2000005c       0x10 build/usbd_cdc_if.o
                0x2000005c                USBD_Interface_fops_FS
 .data.USBD_CDC
                0x2000006c       0x38 build/usbd_cdc.o
                0x2000006c                USBD_CDC
 .data.USBD_CDC_CfgFSDesc
                0x200000a4       0x43 build/usbd_cdc.o
                0x200000a4                USBD_CDC_CfgFSDesc
 *fill*         0x200000e7        0x1 
 .data.USBD_CDC_CfgHSDesc
                0x200000e8       0x43 build/usbd_cdc.o
                0x200000e8                USBD_CDC_CfgHSDesc
 *fill*         0x2000012b        0x1 
 .data.USBD_CDC_DeviceQualifierDesc
                0x2000012c        0xa build/usbd_cdc.o
 *fill*         0x20000136        0x2 
 .data.USBD_CDC_OtherSpeedCfgDesc
                0x20000138       0x43 build/usbd_cdc.o
                0x20000138                USBD_CDC_OtherSpeedCfgDesc
                0x2000017c                . = ALIGN (0x4)
 *fill*         0x2000017b        0x1 
                0x2000017c                _edata = .

.igot.plt       0x2000017c        0x0 load address 0x08004074
 .igot.plt      0x2000017c        0x0 p:/sw/tool/gcc-arm-none-eabi-10.3-2021.10/bin/../lib/gcc/arm-none-eabi/10.3.1/thumb/v7-m/nofp/crtbegin.o
                0x2000017c                . = ALIGN (0x4)

.bss            0x2000017c     0x11c4 load address 0x08004074
                0x2000017c                _sbss = .
                0x2000017c                __bss_start__ = _sbss
 *(.bss)
 .bss           0x2000017c       0x1c p:/sw/tool/gcc-arm-none-eabi-10.3-2021.10/bin/../lib/gcc/arm-none-eabi/10.3.1/thumb/v7-m/nofp/crtbegin.o
 *(.bss*)
 .bss.uwTick    0x20000198        0x4 build/stm32f1xx_hal.o
                0x20000198                uwTick
 .bss.hUsbDeviceFS
                0x2000019c      0x2c4 build/usb_device.o
                0x2000019c                hUsbDeviceFS
 .bss.USBD_StrDesc
                0x20000460      0x200 build/usbd_desc.o
                0x20000460                USBD_StrDesc
 .bss.UserRxBufferFS
                0x20000660      0x3e8 build/usbd_cdc_if.o
                0x20000660                UserRxBufferFS
 .bss.UserTxBufferFS
                0x20000a48      0x3e8 build/usbd_cdc_if.o
                0x20000a48                UserTxBufferFS
 .bss.hpcd_USB_FS
                0x20000e30      0x2ec build/usbd_conf.o
                0x20000e30                hpcd_USB_FS
 .bss.mem.0     0x2000111c      0x220 build/usbd_conf.o
 .bss.cfgidx.0  0x2000133c        0x1 build/usbd_ctlreq.o
 *(COMMON)
                0x20001340                . = ALIGN (0x4)
 *fill*         0x2000133d        0x3 
                0x20001340                _ebss = .
                0x20001340                __bss_end__ = _ebss

._user_heap_stack
                0x20001340      0x600 load address 0x08004074
                0x20001340                . = ALIGN (0x8)
                [!provide]                PROVIDE (end = .)
                [!provide]                PROVIDE (_end = .)
                0x20001540                . = (. + _Min_Heap_Size)
 *fill*         0x20001340      0x200 
                0x20001940                . = (. + _Min_Stack_Size)
 *fill*         0x20001540      0x400 
                0x20001940                . = ALIGN (0x8)

/DISCARD/
 libc.a(*)
 libm.a(*)
 libgcc.a(*)

.ARM.attributes
                0x00000000       0x29
 *(.ARM.attributes)
 .ARM.attributes
                0x00000000       0x1d p:/sw/tool/gcc-arm-none-eabi-10.3-2021.10/bin/../lib/gcc/arm-none-eabi/10.3.1/thumb/v7-m/nofp/crti.o
 .ARM.attributes
                0x0000001d       0x2d p:/sw/tool/gcc-arm-none-eabi-10.3-2021.10/bin/../lib/gcc/arm-none-eabi/10.3.1/thumb/v7-m/nofp/crtbegin.o
 .ARM.attributes
                0x0000004a       0x2d build/main.o
 .ARM.attributes
                0x00000077       0x2d build/stm32f1xx_it.o
 .ARM.attributes
                0x000000a4       0x2d build/stm32f1xx_hal_msp.o
 .ARM.attributes
                0x000000d1       0x2d build/stm32f1xx_hal.o
 .ARM.attributes
                0x000000fe       0x2d build/stm32f1xx_hal_rcc.o
 .ARM.attributes
                0x0000012b       0x2d build/stm32f1xx_hal_rcc_ex.o
 .ARM.attributes
                0x00000158       0x2d build/stm32f1xx_hal_gpio.o
 .ARM.attributes
                0x00000185       0x2d build/stm32f1xx_hal_cortex.o
 .ARM.attributes
                0x000001b2       0x2d build/system_stm32f1xx.o
 .ARM.attributes
                0x000001df       0x2d build/usb_device.o
 .ARM.attributes
                0x0000020c       0x2d build/usbd_desc.o
 .ARM.attributes
                0x00000239       0x2d build/usbd_cdc_if.o
 .ARM.attributes
                0x00000266       0x2d build/usbd_conf.o
 .ARM.attributes
                0x00000293       0x2d build/stm32f1xx_hal_pcd.o
 .ARM.attributes
                0x000002c0       0x2d build/stm32f1xx_hal_pcd_ex.o
 .ARM.attributes
                0x000002ed       0x2d build/stm32f1xx_ll_usb.o
 .ARM.attributes
                0x0000031a       0x2d build/usbd_core.o
 .ARM.attributes
                0x00000347       0x2d build/usbd_ctlreq.o
 .ARM.attributes
                0x00000374       0x2d build/usbd_ioreq.o
 .ARM.attributes
                0x000003a1       0x2d build/usbd_cdc.o
 .ARM.attributes
                0x000003ce       0x21 build/startup_stm32f103xb.o
 .ARM.attributes
                0x000003ef       0x2d p:/sw/tool/gcc-arm-none-eabi-10.3-2021.10/bin/../lib/gcc/arm-none-eabi/10.3.1/../../../../arm-none-eabi/lib/thumb/v7-m/nofp\libc_nano.a(lib_a-init.o)
 .ARM.attributes
                0x0000041c       0x2d p:/sw/tool/gcc-arm-none-eabi-10.3-2021.10/bin/../lib/gcc/arm-none-eabi/10.3.1/../../../../arm-none-eabi/lib/thumb/v7-m/nofp\libc_nano.a(lib_a-memset.o)
 .ARM.attributes
                0x00000449       0x1d p:/sw/tool/gcc-arm-none-eabi-10.3-2021.10/bin/../lib/gcc/arm-none-eabi/10.3.1/thumb/v7-m/nofp/crtn.o
OUTPUT(build/Test_Blink_Make.elf elf32-littlearm)
LOAD linker stubs
LOAD p:/sw/tool/gcc-arm-none-eabi-10.3-2021.10/bin/../lib/gcc/arm-none-eabi/10.3.1/../../../../arm-none-eabi/lib/thumb/v7-m/nofp\libc.a
LOAD p:/sw/tool/gcc-arm-none-eabi-10.3-2021.10/bin/../lib/gcc/arm-none-eabi/10.3.1/../../../../arm-none-eabi/lib/thumb/v7-m/nofp\libm.a
LOAD p:/sw/tool/gcc-arm-none-eabi-10.3-2021.10/bin/../lib/gcc/arm-none-eabi/10.3.1/thumb/v7-m/nofp\libgcc.a

.debug_info     0x00000000     0xf2b9
 .debug_info    0x00000000      0x6f4 build/main.o
 .debug_info    0x000006f4      0x721 build/stm32f1xx_it.o
 .debug_info    0x00000e15      0x238 build/stm32f1xx_hal_msp.o
 .debug_info    0x0000104d      0x855 build/stm32f1xx_hal.o
 .debug_info    0x000018a2      0xaec build/stm32f1xx_hal_rcc.o
 .debug_info    0x0000238e      0x479 build/stm32f1xx_hal_rcc_ex.o
 .debug_info    0x00002807      0x6d7 build/stm32f1xx_hal_gpio.o
 .debug_info    0x00002ede      0xe2d build/stm32f1xx_hal_cortex.o
 .debug_info    0x00003d0b      0x26e build/system_stm32f1xx.o
 .debug_info    0x00003f79      0x741 build/usb_device.o
 .debug_info    0x000046ba      0x62f build/usbd_desc.o
 .debug_info    0x00004ce9      0x94d build/usbd_cdc_if.o
 .debug_info    0x00005636     0x1d72 build/usbd_conf.o
 .debug_info    0x000073a8     0x1c82 build/stm32f1xx_hal_pcd.o
 .debug_info    0x0000902a      0x7c7 build/stm32f1xx_hal_pcd_ex.o
 .debug_info    0x000097f1     0x1d8c build/stm32f1xx_ll_usb.o
 .debug_info    0x0000b57d      0xe5f build/usbd_core.o
 .debug_info    0x0000c3dc     0x1135 build/usbd_ctlreq.o
 .debug_info    0x0000d511      0x883 build/usbd_ioreq.o
 .debug_info    0x0000dd94     0x1503 build/usbd_cdc.o
 .debug_info    0x0000f297       0x22 build/startup_stm32f103xb.o

.debug_abbrev   0x00000000     0x2b08
 .debug_abbrev  0x00000000      0x1fc build/main.o
 .debug_abbrev  0x000001fc      0x168 build/stm32f1xx_it.o
 .debug_abbrev  0x00000364       0xe7 build/stm32f1xx_hal_msp.o
 .debug_abbrev  0x0000044b      0x1f7 build/stm32f1xx_hal.o
 .debug_abbrev  0x00000642      0x29a build/stm32f1xx_hal_rcc.o
 .debug_abbrev  0x000008dc      0x1d5 build/stm32f1xx_hal_rcc_ex.o
 .debug_abbrev  0x00000ab1      0x222 build/stm32f1xx_hal_gpio.o
 .debug_abbrev  0x00000cd3      0x359 build/stm32f1xx_hal_cortex.o
 .debug_abbrev  0x0000102c      0x140 build/system_stm32f1xx.o
 .debug_abbrev  0x0000116c      0x181 build/usb_device.o
 .debug_abbrev  0x000012ed      0x21f build/usbd_desc.o
 .debug_abbrev  0x0000150c      0x26c build/usbd_cdc_if.o
 .debug_abbrev  0x00001778      0x2f6 build/usbd_conf.o
 .debug_abbrev  0x00001a6e      0x2ea build/stm32f1xx_hal_pcd.o
 .debug_abbrev  0x00001d58      0x184 build/stm32f1xx_hal_pcd_ex.o
 .debug_abbrev  0x00001edc      0x25b build/stm32f1xx_ll_usb.o
 .debug_abbrev  0x00002137      0x27a build/usbd_core.o
 .debug_abbrev  0x000023b1      0x2cd build/usbd_ctlreq.o
 .debug_abbrev  0x0000267e      0x16f build/usbd_ioreq.o
 .debug_abbrev  0x000027ed      0x309 build/usbd_cdc.o
 .debug_abbrev  0x00002af6       0x12 build/startup_stm32f103xb.o

.debug_loc      0x00000000     0x965d
 .debug_loc     0x00000000       0x9e build/main.o
 .debug_loc     0x0000009e       0x40 build/stm32f1xx_it.o
 .debug_loc     0x000000de       0x41 build/stm32f1xx_hal_msp.o
 .debug_loc     0x0000011f      0x1e1 build/stm32f1xx_hal.o
 .debug_loc     0x00000300      0x7ee build/stm32f1xx_hal_rcc.o
 .debug_loc     0x00000aee      0x444 build/stm32f1xx_hal_rcc_ex.o
 .debug_loc     0x00000f32      0x551 build/stm32f1xx_hal_gpio.o
 .debug_loc     0x00001483      0x77f build/stm32f1xx_hal_cortex.o
 .debug_loc     0x00001c02       0xff build/system_stm32f1xx.o
 .debug_loc     0x00001d01       0x20 build/usb_device.o
 .debug_loc     0x00001d21      0x47b build/usbd_desc.o
 .debug_loc     0x0000219c      0x197 build/usbd_cdc_if.o
 .debug_loc     0x00002333      0xead build/usbd_conf.o
 .debug_loc     0x000031e0     0x17ab build/stm32f1xx_hal_pcd.o
 .debug_loc     0x0000498b      0x11a build/stm32f1xx_hal_pcd_ex.o
 .debug_loc     0x00004aa5     0x1d1e build/stm32f1xx_ll_usb.o
 .debug_loc     0x000067c3      0xaf6 build/usbd_core.o
 .debug_loc     0x000072b9     0x1631 build/usbd_ctlreq.o
 .debug_loc     0x000088ea      0x364 build/usbd_ioreq.o
 .debug_loc     0x00008c4e      0xa0f build/usbd_cdc.o

.debug_aranges  0x00000000      0x9f0
 .debug_aranges
                0x00000000       0x38 build/main.o
 .debug_aranges
                0x00000038       0x68 build/stm32f1xx_it.o
 .debug_aranges
                0x000000a0       0x20 build/stm32f1xx_hal_msp.o
 .debug_aranges
                0x000000c0       0xe0 build/stm32f1xx_hal.o
 .debug_aranges
                0x000001a0       0x90 build/stm32f1xx_hal_rcc.o
 .debug_aranges
                0x00000230       0x30 build/stm32f1xx_hal_rcc_ex.o
 .debug_aranges
                0x00000260       0x58 build/stm32f1xx_hal_gpio.o
 .debug_aranges
                0x000002b8       0x90 build/stm32f1xx_hal_cortex.o
 .debug_aranges
                0x00000348       0x28 build/system_stm32f1xx.o
 .debug_aranges
                0x00000370       0x20 build/usb_device.o
 .debug_aranges
                0x00000390       0x60 build/usbd_desc.o
 .debug_aranges
                0x000003f0       0x40 build/usbd_cdc_if.o
 .debug_aranges
                0x00000430      0x118 build/usbd_conf.o
 .debug_aranges
                0x00000548      0x138 build/stm32f1xx_hal_pcd.o
 .debug_aranges
                0x00000680       0x38 build/stm32f1xx_hal_pcd_ex.o
 .debug_aranges
                0x000006b8       0xf0 build/stm32f1xx_ll_usb.o
 .debug_aranges
                0x000007a8       0xb8 build/usbd_core.o
 .debug_aranges
                0x00000860       0x88 build/usbd_ctlreq.o
 .debug_aranges
                0x000008e8       0x50 build/usbd_ioreq.o
 .debug_aranges
                0x00000938       0x90 build/usbd_cdc.o
 .debug_aranges
                0x000009c8       0x28 build/startup_stm32f103xb.o

.debug_ranges   0x00000000      0xce0
 .debug_ranges  0x00000000       0x28 build/main.o
 .debug_ranges  0x00000028       0x58 build/stm32f1xx_it.o
 .debug_ranges  0x00000080       0x10 build/stm32f1xx_hal_msp.o
 .debug_ranges  0x00000090       0xd0 build/stm32f1xx_hal.o
 .debug_ranges  0x00000160       0xa0 build/stm32f1xx_hal_rcc.o
 .debug_ranges  0x00000200       0x38 build/stm32f1xx_hal_rcc_ex.o
 .debug_ranges  0x00000238       0x48 build/stm32f1xx_hal_gpio.o
 .debug_ranges  0x00000280       0xe0 build/stm32f1xx_hal_cortex.o
 .debug_ranges  0x00000360       0x18 build/system_stm32f1xx.o
 .debug_ranges  0x00000378       0x10 build/usb_device.o
 .debug_ranges  0x00000388       0x50 build/usbd_desc.o
 .debug_ranges  0x000003d8       0x30 build/usbd_cdc_if.o
 .debug_ranges  0x00000408      0x108 build/usbd_conf.o
 .debug_ranges  0x00000510      0x208 build/stm32f1xx_hal_pcd.o
 .debug_ranges  0x00000718       0x28 build/stm32f1xx_hal_pcd_ex.o
 .debug_ranges  0x00000740      0x3a0 build/stm32f1xx_ll_usb.o
 .debug_ranges  0x00000ae0       0xa8 build/usbd_core.o
 .debug_ranges  0x00000b88       0x78 build/usbd_ctlreq.o
 .debug_ranges  0x00000c00       0x40 build/usbd_ioreq.o
 .debug_ranges  0x00000c40       0x80 build/usbd_cdc.o
 .debug_ranges  0x00000cc0       0x20 build/startup_stm32f103xb.o

.debug_line     0x00000000     0x8b8a
 .debug_line    0x00000000      0x379 build/main.o
 .debug_line    0x00000379      0x2bc build/stm32f1xx_it.o
 .debug_line    0x00000635      0x14e build/stm32f1xx_hal_msp.o
 .debug_line    0x00000783      0x500 build/stm32f1xx_hal.o
 .debug_line    0x00000c83      0xbfe build/stm32f1xx_hal_rcc.o
 .debug_line    0x00001881      0x470 build/stm32f1xx_hal_rcc_ex.o
 .debug_line    0x00001cf1      0x5b5 build/stm32f1xx_hal_gpio.o
 .debug_line    0x000022a6      0x60b build/stm32f1xx_hal_cortex.o
 .debug_line    0x000028b1      0x218 build/system_stm32f1xx.o
 .debug_line    0x00002ac9      0x1fb build/usb_device.o
 .debug_line    0x00002cc4      0x34b build/usbd_desc.o
 .debug_line    0x0000300f      0x234 build/usbd_cdc_if.o
 .debug_line    0x00003243      0x787 build/usbd_conf.o
 .debug_line    0x000039ca     0x188f build/stm32f1xx_hal_pcd.o
 .debug_line    0x00005259      0x265 build/stm32f1xx_hal_pcd_ex.o
 .debug_line    0x000054be     0x1a6e build/stm32f1xx_ll_usb.o
 .debug_line    0x00006f2c      0x6ff build/usbd_core.o
 .debug_line    0x0000762b      0xae7 build/usbd_ctlreq.o
 .debug_line    0x00008112      0x276 build/usbd_ioreq.o
 .debug_line    0x00008388      0x78d build/usbd_cdc.o
 .debug_line    0x00008b15       0x75 build/startup_stm32f103xb.o

.debug_str      0x00000000     0x2bbe
 .debug_str     0x00000000      0x476 build/main.o
                                0x4db (size before relaxing)
 .debug_str     0x00000476      0x41d build/stm32f1xx_it.o
                                0x5bb (size before relaxing)
 .debug_str     0x00000893       0x4d build/stm32f1xx_hal_msp.o
                                0x1f9 (size before relaxing)
 .debug_str     0x000008e0      0x5fb build/stm32f1xx_hal.o
                                0x7fe (size before relaxing)
 .debug_str     0x00000edb      0x20d build/stm32f1xx_hal_rcc.o
                                0x605 (size before relaxing)
 .debug_str     0x000010e8       0x9c build/stm32f1xx_hal_rcc_ex.o
                                0x3ad (size before relaxing)
 .debug_str     0x00001184      0x114 build/stm32f1xx_hal_gpio.o
                                0x3da (size before relaxing)
 .debug_str     0x00001298      0x39a build/stm32f1xx_hal_cortex.o
                                0x8ad (size before relaxing)
 .debug_str     0x00001632       0x4f build/system_stm32f1xx.o
                                0x22e (size before relaxing)
 .debug_str     0x00001681      0x3d4 build/usb_device.o
                                0x620 (size before relaxing)
 .debug_str     0x00001a55      0x181 build/usbd_desc.o
                                0x42b (size before relaxing)
 .debug_str     0x00001bd6      0x135 build/usbd_cdc_if.o
                                0x6e7 (size before relaxing)
 .debug_str     0x00001d0b      0x4f6 build/usbd_conf.o
                               0x1176 (size before relaxing)
 .debug_str     0x00002201      0x2fb build/stm32f1xx_hal_pcd.o
                                0xaa8 (size before relaxing)
 .debug_str     0x000024fc      0x159 build/stm32f1xx_hal_pcd_ex.o
                                0x6a2 (size before relaxing)
 .debug_str     0x00002655      0x136 build/stm32f1xx_ll_usb.o
                                0x6d5 (size before relaxing)
 .debug_str     0x0000278b      0x13e build/usbd_core.o
                                0x80b (size before relaxing)
 .debug_str     0x000028c9       0xe2 build/usbd_ctlreq.o
                                0x725 (size before relaxing)
 .debug_str     0x000029ab       0x60 build/usbd_ioreq.o
                                0x652 (size before relaxing)
 .debug_str     0x00002a0b      0x18f build/usbd_cdc.o
                                0xbe0 (size before relaxing)
 .debug_str     0x00002b9a       0x24 build/startup_stm32f103xb.o
                                 0x4d (size before relaxing)

.comment        0x00000000       0x49
 .comment       0x00000000       0x49 build/main.o
                                 0x4a (size before relaxing)
 .comment       0x00000049       0x4a build/stm32f1xx_it.o
 .comment       0x00000049       0x4a build/stm32f1xx_hal_msp.o
 .comment       0x00000049       0x4a build/stm32f1xx_hal.o
 .comment       0x00000049       0x4a build/stm32f1xx_hal_rcc.o
 .comment       0x00000049       0x4a build/stm32f1xx_hal_rcc_ex.o
 .comment       0x00000049       0x4a build/stm32f1xx_hal_gpio.o
 .comment       0x00000049       0x4a build/stm32f1xx_hal_cortex.o
 .comment       0x00000049       0x4a build/system_stm32f1xx.o
 .comment       0x00000049       0x4a build/usb_device.o
 .comment       0x00000049       0x4a build/usbd_desc.o
 .comment       0x00000049       0x4a build/usbd_cdc_if.o
 .comment       0x00000049       0x4a build/usbd_conf.o
 .comment       0x00000049       0x4a build/stm32f1xx_hal_pcd.o
 .comment       0x00000049       0x4a build/stm32f1xx_hal_pcd_ex.o
 .comment       0x00000049       0x4a build/stm32f1xx_ll_usb.o
 .comment       0x00000049       0x4a build/usbd_core.o
 .comment       0x00000049       0x4a build/usbd_ctlreq.o
 .comment       0x00000049       0x4a build/usbd_ioreq.o
 .comment       0x00000049       0x4a build/usbd_cdc.o

.debug_frame    0x00000000     0x16e8
 .debug_frame   0x00000000       0x78 build/main.o
 .debug_frame   0x00000078       0xc0 build/stm32f1xx_it.o
 .debug_frame   0x00000138       0x28 build/stm32f1xx_hal_msp.o
 .debug_frame   0x00000160      0x1cc build/stm32f1xx_hal.o
 .debug_frame   0x0000032c      0x190 build/stm32f1xx_hal_rcc.o
 .debug_frame   0x000004bc       0x64 build/stm32f1xx_hal_rcc_ex.o
 .debug_frame   0x00000520       0xe4 build/stm32f1xx_hal_gpio.o
 .debug_frame   0x00000604      0x118 build/stm32f1xx_hal_cortex.o
 .debug_frame   0x0000071c       0x30 build/system_stm32f1xx.o
 .debug_frame   0x0000074c       0x28 build/usb_device.o
 .debug_frame   0x00000774       0xe0 build/usbd_desc.o
 .debug_frame   0x00000854       0x78 build/usbd_cdc_if.o
 .debug_frame   0x000008cc      0x2ec build/usbd_conf.o
 .debug_frame   0x00000bb8      0x344 build/stm32f1xx_hal_pcd.o
 .debug_frame   0x00000efc       0x50 build/stm32f1xx_hal_pcd_ex.o
 .debug_frame   0x00000f4c      0x1fc build/stm32f1xx_ll_usb.o
 .debug_frame   0x00001148      0x1c4 build/usbd_core.o
 .debug_frame   0x0000130c      0x178 build/usbd_ctlreq.o
 .debug_frame   0x00001484       0xb8 build/usbd_ioreq.o
 .debug_frame   0x0000153c      0x160 build/usbd_cdc.o
 .debug_frame   0x0000169c       0x2c p:/sw/tool/gcc-arm-none-eabi-10.3-2021.10/bin/../lib/gcc/arm-none-eabi/10.3.1/../../../../arm-none-eabi/lib/thumb/v7-m/nofp\libc_nano.a(lib_a-init.o)
 .debug_frame   0x000016c8       0x20 p:/sw/tool/gcc-arm-none-eabi-10.3-2021.10/bin/../lib/gcc/arm-none-eabi/10.3.1/../../../../arm-none-eabi/lib/thumb/v7-m/nofp\libc_nano.a(lib_a-memset.o)

Cross Reference Table

Symbol                                            File
ADC1_2_IRQHandler                                 build/startup_stm32f103xb.o
AHBPrescTable                                     build/system_stm32f1xx.o
                                                  build/stm32f1xx_hal_rcc.o
APBPrescTable                                     build/system_stm32f1xx.o
                                                  build/stm32f1xx_hal_rcc.o
BusFault_Handler                                  build/stm32f1xx_it.o
CAN1_RX1_IRQHandler                               build/startup_stm32f103xb.o
CAN1_SCE_IRQHandler                               build/startup_stm32f103xb.o
CDC_Transmit_FS                                   build/usbd_cdc_if.o
DMA1_Channel1_IRQHandler                          build/startup_stm32f103xb.o
DMA1_Channel2_IRQHandler                          build/startup_stm32f103xb.o
DMA1_Channel3_IRQHandler                          build/startup_stm32f103xb.o
DMA1_Channel4_IRQHandler                          build/startup_stm32f103xb.o
DMA1_Channel5_IRQHandler                          build/startup_stm32f103xb.o
DMA1_Channel6_IRQHandler                          build/startup_stm32f103xb.o
DMA1_Channel7_IRQHandler                          build/startup_stm32f103xb.o
DebugMon_Handler                                  build/stm32f1xx_it.o
Default_Handler                                   build/startup_stm32f103xb.o
EXTI0_IRQHandler                                  build/startup_stm32f103xb.o
EXTI15_10_IRQHandler                              build/startup_stm32f103xb.o
EXTI1_IRQHandler                                  build/startup_stm32f103xb.o
EXTI2_IRQHandler                                  build/startup_stm32f103xb.o
EXTI3_IRQHandler                                  build/startup_stm32f103xb.o
EXTI4_IRQHandler                                  build/startup_stm32f103xb.o
EXTI9_5_IRQHandler                                build/startup_stm32f103xb.o
Error_Handler                                     build/main.o
                                                  build/usbd_conf.o
                                                  build/usb_device.o
FLASH_IRQHandler                                  build/startup_stm32f103xb.o
FLASH_PageErase                                   build/stm32f1xx_hal_flash_ex.o
                                                  build/stm32f1xx_hal_flash.o
FLASH_WaitForLastOperation                        build/stm32f1xx_hal_flash.o
                                                  build/stm32f1xx_hal_flash_ex.o
FS_Desc                                           build/usbd_desc.o
                                                  build/usb_device.o
HAL_DBGMCU_DisableDBGSleepMode                    build/stm32f1xx_hal.o
HAL_DBGMCU_DisableDBGStandbyMode                  build/stm32f1xx_hal.o
HAL_DBGMCU_DisableDBGStopMode                     build/stm32f1xx_hal.o
HAL_DBGMCU_EnableDBGSleepMode                     build/stm32f1xx_hal.o
HAL_DBGMCU_EnableDBGStandbyMode                   build/stm32f1xx_hal.o
HAL_DBGMCU_EnableDBGStopMode                      build/stm32f1xx_hal.o
HAL_DMA_Abort                                     build/stm32f1xx_hal_dma.o
HAL_DMA_Abort_IT                                  build/stm32f1xx_hal_dma.o
HAL_DMA_DeInit                                    build/stm32f1xx_hal_dma.o
HAL_DMA_GetError                                  build/stm32f1xx_hal_dma.o
HAL_DMA_GetState                                  build/stm32f1xx_hal_dma.o
HAL_DMA_IRQHandler                                build/stm32f1xx_hal_dma.o
HAL_DMA_Init                                      build/stm32f1xx_hal_dma.o
HAL_DMA_PollForTransfer                           build/stm32f1xx_hal_dma.o
HAL_DMA_RegisterCallback                          build/stm32f1xx_hal_dma.o
HAL_DMA_Start                                     build/stm32f1xx_hal_dma.o
HAL_DMA_Start_IT                                  build/stm32f1xx_hal_dma.o
HAL_DMA_UnRegisterCallback                        build/stm32f1xx_hal_dma.o
HAL_DeInit                                        build/stm32f1xx_hal.o
HAL_Delay                                         build/stm32f1xx_hal.o
                                                  build/usbd_conf.o
                                                  build/main.o
HAL_EXTI_ClearConfigLine                          build/stm32f1xx_hal_exti.o
HAL_EXTI_ClearPending                             build/stm32f1xx_hal_exti.o
HAL_EXTI_GenerateSWI                              build/stm32f1xx_hal_exti.o
HAL_EXTI_GetConfigLine                            build/stm32f1xx_hal_exti.o
HAL_EXTI_GetHandle                                build/stm32f1xx_hal_exti.o
HAL_EXTI_GetPending                               build/stm32f1xx_hal_exti.o
HAL_EXTI_IRQHandler                               build/stm32f1xx_hal_exti.o
HAL_EXTI_RegisterCallback                         build/stm32f1xx_hal_exti.o
HAL_EXTI_SetConfigLine                            build/stm32f1xx_hal_exti.o
HAL_FLASHEx_Erase                                 build/stm32f1xx_hal_flash_ex.o
HAL_FLASHEx_Erase_IT                              build/stm32f1xx_hal_flash_ex.o
HAL_FLASHEx_OBErase                               build/stm32f1xx_hal_flash_ex.o
HAL_FLASHEx_OBGetConfig                           build/stm32f1xx_hal_flash_ex.o
HAL_FLASHEx_OBGetUserData                         build/stm32f1xx_hal_flash_ex.o
HAL_FLASHEx_OBProgram                             build/stm32f1xx_hal_flash_ex.o
HAL_FLASH_EndOfOperationCallback                  build/stm32f1xx_hal_flash.o
HAL_FLASH_GetError                                build/stm32f1xx_hal_flash.o
HAL_FLASH_IRQHandler                              build/stm32f1xx_hal_flash.o
HAL_FLASH_Lock                                    build/stm32f1xx_hal_flash.o
HAL_FLASH_OB_Launch                               build/stm32f1xx_hal_flash.o
HAL_FLASH_OB_Lock                                 build/stm32f1xx_hal_flash.o
HAL_FLASH_OB_Unlock                               build/stm32f1xx_hal_flash.o
HAL_FLASH_OperationErrorCallback                  build/stm32f1xx_hal_flash.o
HAL_FLASH_Program                                 build/stm32f1xx_hal_flash.o
HAL_FLASH_Program_IT                              build/stm32f1xx_hal_flash.o
HAL_FLASH_Unlock                                  build/stm32f1xx_hal_flash.o
HAL_GPIOEx_ConfigEventout                         build/stm32f1xx_hal_gpio_ex.o
HAL_GPIOEx_DisableEventout                        build/stm32f1xx_hal_gpio_ex.o
HAL_GPIOEx_EnableEventout                         build/stm32f1xx_hal_gpio_ex.o
HAL_GPIO_DeInit                                   build/stm32f1xx_hal_gpio.o
HAL_GPIO_EXTI_Callback                            build/stm32f1xx_hal_gpio.o
HAL_GPIO_EXTI_IRQHandler                          build/stm32f1xx_hal_gpio.o
HAL_GPIO_Init                                     build/stm32f1xx_hal_gpio.o
                                                  build/stm32f1xx_hal_rcc.o
                                                  build/main.o
HAL_GPIO_LockPin                                  build/stm32f1xx_hal_gpio.o
HAL_GPIO_ReadPin                                  build/stm32f1xx_hal_gpio.o
HAL_GPIO_TogglePin                                build/stm32f1xx_hal_gpio.o
                                                  build/main.o
HAL_GPIO_WritePin                                 build/stm32f1xx_hal_gpio.o
                                                  build/main.o
HAL_GetDEVID                                      build/stm32f1xx_hal.o
HAL_GetHalVersion                                 build/stm32f1xx_hal.o
HAL_GetREVID                                      build/stm32f1xx_hal.o
HAL_GetTick                                       build/stm32f1xx_hal.o
                                                  build/stm32f1xx_hal_flash.o
                                                  build/stm32f1xx_hal_dma.o
                                                  build/stm32f1xx_hal_rcc_ex.o
                                                  build/stm32f1xx_hal_rcc.o
HAL_GetTickFreq                                   build/stm32f1xx_hal.o
HAL_GetTickPrio                                   build/stm32f1xx_hal.o
HAL_GetUIDw0                                      build/stm32f1xx_hal.o
HAL_GetUIDw1                                      build/stm32f1xx_hal.o
HAL_GetUIDw2                                      build/stm32f1xx_hal.o
HAL_IncTick                                       build/stm32f1xx_hal.o
                                                  build/stm32f1xx_it.o
HAL_Init                                          build/stm32f1xx_hal.o
                                                  build/main.o
HAL_InitTick                                      build/stm32f1xx_hal.o
                                                  build/stm32f1xx_hal_rcc.o
HAL_MspDeInit                                     build/stm32f1xx_hal.o
HAL_MspInit                                       build/stm32f1xx_hal_msp.o
HAL_NVIC_ClearPendingIRQ                          build/stm32f1xx_hal_cortex.o
HAL_NVIC_DisableIRQ                               build/stm32f1xx_hal_cortex.o
                                                  build/usbd_conf.o
HAL_NVIC_EnableIRQ                                build/stm32f1xx_hal_cortex.o
                                                  build/usbd_conf.o
HAL_NVIC_GetActive                                build/stm32f1xx_hal_cortex.o
HAL_NVIC_GetPendingIRQ                            build/stm32f1xx_hal_cortex.o
HAL_NVIC_GetPriority                              build/stm32f1xx_hal_cortex.o
HAL_NVIC_GetPriorityGrouping                      build/stm32f1xx_hal_cortex.o
HAL_NVIC_SetPendingIRQ                            build/stm32f1xx_hal_cortex.o
HAL_NVIC_SetPriority                              build/stm32f1xx_hal_cortex.o
                                                  build/usbd_conf.o
                                                  build/stm32f1xx_hal.o
HAL_NVIC_SetPriorityGrouping                      build/stm32f1xx_hal_cortex.o
                                                  build/stm32f1xx_hal.o
HAL_NVIC_SystemReset                              build/stm32f1xx_hal_cortex.o
                                                  build/stm32f1xx_hal_flash.o
HAL_PCDEx_BCD_Callback                            build/stm32f1xx_hal_pcd_ex.o
HAL_PCDEx_LPM_Callback                            build/stm32f1xx_hal_pcd_ex.o
HAL_PCDEx_PMAConfig                               build/stm32f1xx_hal_pcd_ex.o
                                                  build/usbd_conf.o
HAL_PCDEx_SetConnectionState                      build/usbd_conf.o
                                                  build/stm32f1xx_hal_pcd.o
HAL_PCD_ActivateRemoteWakeup                      build/stm32f1xx_hal_pcd.o
HAL_PCD_ConnectCallback                           build/usbd_conf.o
HAL_PCD_DataInStageCallback                       build/usbd_conf.o
HAL_PCD_DataOutStageCallback                      build/usbd_conf.o
HAL_PCD_DeActivateRemoteWakeup                    build/stm32f1xx_hal_pcd.o
HAL_PCD_DeInit                                    build/stm32f1xx_hal_pcd.o
                                                  build/usbd_conf.o
HAL_PCD_DevConnect                                build/stm32f1xx_hal_pcd.o
HAL_PCD_DevDisconnect                             build/stm32f1xx_hal_pcd.o
HAL_PCD_DisconnectCallback                        build/usbd_conf.o
HAL_PCD_EP_Close                                  build/stm32f1xx_hal_pcd.o
                                                  build/usbd_conf.o
HAL_PCD_EP_ClrStall                               build/stm32f1xx_hal_pcd.o
                                                  build/usbd_conf.o
HAL_PCD_EP_Flush                                  build/stm32f1xx_hal_pcd.o
                                                  build/usbd_conf.o
HAL_PCD_EP_GetRxCount                             build/stm32f1xx_hal_pcd.o
                                                  build/usbd_conf.o
HAL_PCD_EP_Open                                   build/stm32f1xx_hal_pcd.o
                                                  build/usbd_conf.o
HAL_PCD_EP_Receive                                build/stm32f1xx_hal_pcd.o
                                                  build/usbd_conf.o
HAL_PCD_EP_SetStall                               build/stm32f1xx_hal_pcd.o
                                                  build/usbd_conf.o
HAL_PCD_EP_Transmit                               build/stm32f1xx_hal_pcd.o
                                                  build/usbd_conf.o
HAL_PCD_GetState                                  build/stm32f1xx_hal_pcd.o
HAL_PCD_IRQHandler                                build/stm32f1xx_hal_pcd.o
                                                  build/stm32f1xx_it.o
HAL_PCD_ISOINIncompleteCallback                   build/usbd_conf.o
HAL_PCD_ISOOUTIncompleteCallback                  build/usbd_conf.o
HAL_PCD_Init                                      build/stm32f1xx_hal_pcd.o
                                                  build/usbd_conf.o
HAL_PCD_MspDeInit                                 build/usbd_conf.o
HAL_PCD_MspInit                                   build/usbd_conf.o
HAL_PCD_ResetCallback                             build/usbd_conf.o
HAL_PCD_ResumeCallback                            build/usbd_conf.o
HAL_PCD_SOFCallback                               build/usbd_conf.o
HAL_PCD_SetAddress                                build/stm32f1xx_hal_pcd.o
                                                  build/usbd_conf.o
HAL_PCD_SetupStageCallback                        build/usbd_conf.o
HAL_PCD_Start                                     build/stm32f1xx_hal_pcd.o
                                                  build/usbd_conf.o
HAL_PCD_Stop                                      build/stm32f1xx_hal_pcd.o
                                                  build/usbd_conf.o
HAL_PCD_SuspendCallback                           build/usbd_conf.o
HAL_PCD_WKUP_IRQHandler                           build/stm32f1xx_hal_pcd.o
HAL_PWR_ConfigPVD                                 build/stm32f1xx_hal_pwr.o
HAL_PWR_DeInit                                    build/stm32f1xx_hal_pwr.o
HAL_PWR_DisableBkUpAccess                         build/stm32f1xx_hal_pwr.o
HAL_PWR_DisablePVD                                build/stm32f1xx_hal_pwr.o
HAL_PWR_DisableSEVOnPend                          build/stm32f1xx_hal_pwr.o
HAL_PWR_DisableSleepOnExit                        build/stm32f1xx_hal_pwr.o
HAL_PWR_DisableWakeUpPin                          build/stm32f1xx_hal_pwr.o
HAL_PWR_EnableBkUpAccess                          build/stm32f1xx_hal_pwr.o
HAL_PWR_EnablePVD                                 build/stm32f1xx_hal_pwr.o
HAL_PWR_EnableSEVOnPend                           build/stm32f1xx_hal_pwr.o
HAL_PWR_EnableSleepOnExit                         build/stm32f1xx_hal_pwr.o
HAL_PWR_EnableWakeUpPin                           build/stm32f1xx_hal_pwr.o
HAL_PWR_EnterSLEEPMode                            build/stm32f1xx_hal_pwr.o
HAL_PWR_EnterSTANDBYMode                          build/stm32f1xx_hal_pwr.o
HAL_PWR_EnterSTOPMode                             build/stm32f1xx_hal_pwr.o
HAL_PWR_PVDCallback                               build/stm32f1xx_hal_pwr.o
HAL_PWR_PVD_IRQHandler                            build/stm32f1xx_hal_pwr.o
HAL_RCCEx_GetPeriphCLKConfig                      build/stm32f1xx_hal_rcc_ex.o
HAL_RCCEx_GetPeriphCLKFreq                        build/stm32f1xx_hal_rcc_ex.o
HAL_RCCEx_PeriphCLKConfig                         build/stm32f1xx_hal_rcc_ex.o
                                                  build/main.o
HAL_RCC_CSSCallback                               build/stm32f1xx_hal_rcc.o
HAL_RCC_ClockConfig                               build/stm32f1xx_hal_rcc.o
                                                  build/main.o
HAL_RCC_DeInit                                    build/stm32f1xx_hal_rcc.o
HAL_RCC_DisableCSS                                build/stm32f1xx_hal_rcc.o
HAL_RCC_EnableCSS                                 build/stm32f1xx_hal_rcc.o
HAL_RCC_GetClockConfig                            build/stm32f1xx_hal_rcc.o
HAL_RCC_GetHCLKFreq                               build/stm32f1xx_hal_rcc.o
HAL_RCC_GetOscConfig                              build/stm32f1xx_hal_rcc.o
HAL_RCC_GetPCLK1Freq                              build/stm32f1xx_hal_rcc.o
HAL_RCC_GetPCLK2Freq                              build/stm32f1xx_hal_rcc.o
                                                  build/stm32f1xx_hal_rcc_ex.o
HAL_RCC_GetSysClockFreq                           build/stm32f1xx_hal_rcc.o
HAL_RCC_MCOConfig                                 build/stm32f1xx_hal_rcc.o
HAL_RCC_NMI_IRQHandler                            build/stm32f1xx_hal_rcc.o
HAL_RCC_OscConfig                                 build/stm32f1xx_hal_rcc.o
                                                  build/main.o
HAL_ResumeTick                                    build/stm32f1xx_hal.o
HAL_SYSTICK_CLKSourceConfig                       build/stm32f1xx_hal_cortex.o
HAL_SYSTICK_Callback                              build/stm32f1xx_hal_cortex.o
HAL_SYSTICK_Config                                build/stm32f1xx_hal_cortex.o
                                                  build/stm32f1xx_hal.o
HAL_SYSTICK_IRQHandler                            build/stm32f1xx_hal_cortex.o
HAL_SetTickFreq                                   build/stm32f1xx_hal.o
HAL_SuspendTick                                   build/stm32f1xx_hal.o
HardFault_Handler                                 build/stm32f1xx_it.o
I2C1_ER_IRQHandler                                build/startup_stm32f103xb.o
I2C1_EV_IRQHandler                                build/startup_stm32f103xb.o
I2C2_ER_IRQHandler                                build/startup_stm32f103xb.o
I2C2_EV_IRQHandler                                build/startup_stm32f103xb.o
MX_USB_DEVICE_Init                                build/usb_device.o
                                                  build/main.o
MemManage_Handler                                 build/stm32f1xx_it.o
NMI_Handler                                       build/stm32f1xx_it.o
PVD_IRQHandler                                    build/startup_stm32f103xb.o
PendSV_Handler                                    build/stm32f1xx_it.o
RCC_IRQHandler                                    build/startup_stm32f103xb.o
RTC_Alarm_IRQHandler                              build/startup_stm32f103xb.o
RTC_IRQHandler                                    build/startup_stm32f103xb.o
Reset_Handler                                     build/startup_stm32f103xb.o
SPI1_IRQHandler                                   build/startup_stm32f103xb.o
SPI2_IRQHandler                                   build/startup_stm32f103xb.o
SVC_Handler                                       build/stm32f1xx_it.o
SysTick_Handler                                   build/stm32f1xx_it.o
SystemClock_Config                                build/main.o
SystemCoreClock                                   build/system_stm32f1xx.o
                                                  build/stm32f1xx_hal_rcc.o
                                                  build/stm32f1xx_hal.o
SystemCoreClockUpdate                             build/system_stm32f1xx.o
SystemInit                                        build/system_stm32f1xx.o
                                                  build/startup_stm32f103xb.o
TAMPER_IRQHandler                                 build/startup_stm32f103xb.o
TIM1_BRK_IRQHandler                               build/startup_stm32f103xb.o
TIM1_CC_IRQHandler                                build/startup_stm32f103xb.o
TIM1_TRG_COM_IRQHandler                           build/startup_stm32f103xb.o
TIM1_UP_IRQHandler                                build/startup_stm32f103xb.o
TIM2_IRQHandler                                   build/startup_stm32f103xb.o
TIM3_IRQHandler                                   build/startup_stm32f103xb.o
TIM4_IRQHandler                                   build/startup_stm32f103xb.o
USART1_IRQHandler                                 build/startup_stm32f103xb.o
USART2_IRQHandler                                 build/startup_stm32f103xb.o
USART3_IRQHandler                                 build/startup_stm32f103xb.o
USBD_CDC                                          build/usbd_cdc.o
                                                  build/usb_device.o
USBD_CDC_CfgFSDesc                                build/usbd_cdc.o
USBD_CDC_CfgHSDesc                                build/usbd_cdc.o
USBD_CDC_GetDeviceQualifierDescriptor             build/usbd_cdc.o
USBD_CDC_OtherSpeedCfgDesc                        build/usbd_cdc.o
USBD_CDC_ReceivePacket                            build/usbd_cdc.o
                                                  build/usbd_cdc_if.o
USBD_CDC_RegisterInterface                        build/usbd_cdc.o
                                                  build/usb_device.o
USBD_CDC_SetRxBuffer                              build/usbd_cdc.o
                                                  build/usbd_cdc_if.o
USBD_CDC_SetTxBuffer                              build/usbd_cdc.o
                                                  build/usbd_cdc_if.o
USBD_CDC_TransmitPacket                           build/usbd_cdc.o
                                                  build/usbd_cdc_if.o
USBD_ClrClassConfig                               build/usbd_core.o
                                                  build/usbd_ctlreq.o
USBD_CtlContinueRx                                build/usbd_ioreq.o
                                                  build/usbd_core.o
USBD_CtlContinueSendData                          build/usbd_ioreq.o
                                                  build/usbd_core.o
USBD_CtlError                                     build/usbd_ctlreq.o
                                                  build/usbd_cdc.o
USBD_CtlPrepareRx                                 build/usbd_ioreq.o
                                                  build/usbd_cdc.o
USBD_CtlReceiveStatus                             build/usbd_ioreq.o
                                                  build/usbd_core.o
USBD_CtlSendData                                  build/usbd_ioreq.o
                                                  build/usbd_cdc.o
                                                  build/usbd_ctlreq.o
USBD_CtlSendStatus                                build/usbd_ioreq.o
                                                  build/usbd_ctlreq.o
                                                  build/usbd_core.o
USBD_DeInit                                       build/usbd_core.o
USBD_FS_ConfigStrDescriptor                       build/usbd_desc.o
USBD_FS_DeviceDesc                                build/usbd_desc.o
USBD_FS_DeviceDescriptor                          build/usbd_desc.o
USBD_FS_InterfaceStrDescriptor                    build/usbd_desc.o
USBD_FS_LangIDStrDescriptor                       build/usbd_desc.o
USBD_FS_ManufacturerStrDescriptor                 build/usbd_desc.o
USBD_FS_ProductStrDescriptor                      build/usbd_desc.o
USBD_FS_SerialStrDescriptor                       build/usbd_desc.o
USBD_GetRxCount                                   build/usbd_ioreq.o
USBD_GetString                                    build/usbd_ctlreq.o
                                                  build/usbd_desc.o
USBD_Init                                         build/usbd_core.o
                                                  build/usb_device.o
USBD_Interface_fops_FS                            build/usbd_cdc_if.o
                                                  build/usb_device.o
USBD_LL_ClearStallEP                              build/usbd_conf.o
                                                  build/usbd_ctlreq.o
USBD_LL_CloseEP                                   build/usbd_conf.o
                                                  build/usbd_cdc.o
USBD_LL_DataInStage                               build/usbd_core.o
                                                  build/usbd_conf.o
USBD_LL_DataOutStage                              build/usbd_core.o
                                                  build/usbd_conf.o
USBD_LL_DeInit                                    build/usbd_conf.o
                                                  build/usbd_core.o
USBD_LL_Delay                                     build/usbd_conf.o
USBD_LL_DevConnected                              build/usbd_core.o
                                                  build/usbd_conf.o
USBD_LL_DevDisconnected                           build/usbd_core.o
                                                  build/usbd_conf.o
USBD_LL_FlushEP                                   build/usbd_conf.o
USBD_LL_GetRxDataSize                             build/usbd_conf.o
                                                  build/usbd_cdc.o
                                                  build/usbd_ioreq.o
USBD_LL_Init                                      build/usbd_conf.o
                                                  build/usbd_core.o
USBD_LL_IsStallEP                                 build/usbd_conf.o
                                                  build/usbd_ctlreq.o
USBD_LL_IsoINIncomplete                           build/usbd_core.o
                                                  build/usbd_conf.o
USBD_LL_IsoOUTIncomplete                          build/usbd_core.o
                                                  build/usbd_conf.o
USBD_LL_OpenEP                                    build/usbd_conf.o
                                                  build/usbd_cdc.o
                                                  build/usbd_core.o
USBD_LL_PrepareReceive                            build/usbd_conf.o
                                                  build/usbd_cdc.o
                                                  build/usbd_ioreq.o
                                                  build/usbd_core.o
USBD_LL_Reset                                     build/usbd_core.o
                                                  build/usbd_conf.o
USBD_LL_Resume                                    build/usbd_core.o
                                                  build/usbd_conf.o
USBD_LL_SOF                                       build/usbd_core.o
                                                  build/usbd_conf.o
USBD_LL_SetSpeed                                  build/usbd_core.o
                                                  build/usbd_conf.o
USBD_LL_SetUSBAddress                             build/usbd_conf.o
                                                  build/usbd_ctlreq.o
USBD_LL_SetupStage                                build/usbd_core.o
                                                  build/usbd_conf.o
USBD_LL_StallEP                                   build/usbd_conf.o
                                                  build/usbd_ctlreq.o
                                                  build/usbd_core.o
USBD_LL_Start                                     build/usbd_conf.o
                                                  build/usbd_core.o
USBD_LL_Stop                                      build/usbd_conf.o
                                                  build/usbd_core.o
USBD_LL_Suspend                                   build/usbd_core.o
                                                  build/usbd_conf.o
USBD_LL_Transmit                                  build/usbd_conf.o
                                                  build/usbd_cdc.o
                                                  build/usbd_ioreq.o
USBD_LangIDDesc                                   build/usbd_desc.o
USBD_ParseSetupRequest                            build/usbd_ctlreq.o
                                                  build/usbd_core.o
USBD_RegisterClass                                build/usbd_core.o
                                                  build/usb_device.o
USBD_RunTestMode                                  build/usbd_core.o
USBD_SetClassConfig                               build/usbd_core.o
                                                  build/usbd_ctlreq.o
USBD_Start                                        build/usbd_core.o
                                                  build/usb_device.o
USBD_StdDevReq                                    build/usbd_ctlreq.o
                                                  build/usbd_core.o
USBD_StdEPReq                                     build/usbd_ctlreq.o
                                                  build/usbd_core.o
USBD_StdItfReq                                    build/usbd_ctlreq.o
                                                  build/usbd_core.o
USBD_Stop                                         build/usbd_core.o
USBD_StrDesc                                      build/usbd_desc.o
USBD_StringSerial                                 build/usbd_desc.o
USBD_static_free                                  build/usbd_conf.o
                                                  build/usbd_cdc.o
USBD_static_malloc                                build/usbd_conf.o
                                                  build/usbd_cdc.o
USBWakeUp_IRQHandler                              build/startup_stm32f103xb.o
USB_ActivateEndpoint                              build/stm32f1xx_ll_usb.o
                                                  build/stm32f1xx_hal_pcd.o
USB_ActivateRemoteWakeup                          build/stm32f1xx_ll_usb.o
                                                  build/stm32f1xx_hal_pcd.o
USB_ClearInterrupts                               build/stm32f1xx_ll_usb.o
USB_CoreInit                                      build/stm32f1xx_ll_usb.o
                                                  build/stm32f1xx_hal_pcd.o
USB_DeActivateRemoteWakeup                        build/stm32f1xx_ll_usb.o
                                                  build/stm32f1xx_hal_pcd.o
USB_DeactivateEndpoint                            build/stm32f1xx_ll_usb.o
                                                  build/stm32f1xx_hal_pcd.o
USB_DevConnect                                    build/stm32f1xx_ll_usb.o
                                                  build/stm32f1xx_hal_pcd.o
USB_DevDisconnect                                 build/stm32f1xx_ll_usb.o
                                                  build/stm32f1xx_hal_pcd.o
USB_DevInit                                       build/stm32f1xx_ll_usb.o
                                                  build/stm32f1xx_hal_pcd.o
USB_DisableGlobalInt                              build/stm32f1xx_ll_usb.o
                                                  build/stm32f1xx_hal_pcd.o
USB_EP0_OutStart                                  build/stm32f1xx_ll_usb.o
                                                  build/stm32f1xx_hal_pcd.o
USB_EPClearStall                                  build/stm32f1xx_ll_usb.o
                                                  build/stm32f1xx_hal_pcd.o
USB_EPSetStall                                    build/stm32f1xx_ll_usb.o
                                                  build/stm32f1xx_hal_pcd.o
USB_EPStartXfer                                   build/stm32f1xx_ll_usb.o
                                                  build/stm32f1xx_hal_pcd.o
USB_EnableGlobalInt                               build/stm32f1xx_ll_usb.o
                                                  build/stm32f1xx_hal_pcd.o
USB_FlushRxFifo                                   build/stm32f1xx_ll_usb.o
                                                  build/stm32f1xx_hal_pcd.o
USB_FlushTxFifo                                   build/stm32f1xx_ll_usb.o
                                                  build/stm32f1xx_hal_pcd.o
USB_HP_CAN1_TX_IRQHandler                         build/startup_stm32f103xb.o
USB_LP_CAN1_RX0_IRQHandler                        build/stm32f1xx_it.o
USB_ReadDevAllInEpInterrupt                       build/stm32f1xx_ll_usb.o
USB_ReadDevAllOutEpInterrupt                      build/stm32f1xx_ll_usb.o
USB_ReadDevInEPInterrupt                          build/stm32f1xx_ll_usb.o
USB_ReadDevOutEPInterrupt                         build/stm32f1xx_ll_usb.o
USB_ReadInterrupts                                build/stm32f1xx_ll_usb.o
                                                  build/stm32f1xx_hal_pcd.o
USB_ReadPMA                                       build/stm32f1xx_ll_usb.o
                                                  build/stm32f1xx_hal_pcd.o
USB_SetCurrentMode                                build/stm32f1xx_ll_usb.o
                                                  build/stm32f1xx_hal_pcd.o
USB_SetDevAddress                                 build/stm32f1xx_ll_usb.o
                                                  build/stm32f1xx_hal_pcd.o
USB_StopDevice                                    build/stm32f1xx_ll_usb.o
                                                  build/stm32f1xx_hal_pcd.o
USB_WritePMA                                      build/stm32f1xx_ll_usb.o
                                                  build/stm32f1xx_hal_pcd.o
UsageFault_Handler                                build/stm32f1xx_it.o
UserRxBufferFS                                    build/usbd_cdc_if.o
UserTxBufferFS                                    build/usbd_cdc_if.o
WWDG_IRQHandler                                   build/startup_stm32f103xb.o
__bss_end__                                       p:/sw/tool/gcc-arm-none-eabi-10.3-2021.10/bin/../lib/gcc/arm-none-eabi/10.3.1/../../../../arm-none-eabi/lib/thumb/v7-m/nofp/crt0.o
__bss_start__                                     p:/sw/tool/gcc-arm-none-eabi-10.3-2021.10/bin/../lib/gcc/arm-none-eabi/10.3.1/../../../../arm-none-eabi/lib/thumb/v7-m/nofp/crt0.o
__call_exitprocs                                  p:/sw/tool/gcc-arm-none-eabi-10.3-2021.10/bin/../lib/gcc/arm-none-eabi/10.3.1/../../../../arm-none-eabi/lib/thumb/v7-m/nofp\libc_nano.a(lib_a-exit.o)
__deregister_frame_info                           p:/sw/tool/gcc-arm-none-eabi-10.3-2021.10/bin/../lib/gcc/arm-none-eabi/10.3.1/thumb/v7-m/nofp/crtbegin.o
__dso_handle                                      p:/sw/tool/gcc-arm-none-eabi-10.3-2021.10/bin/../lib/gcc/arm-none-eabi/10.3.1/thumb/v7-m/nofp/crtbegin.o
__init_array_end                                  p:/sw/tool/gcc-arm-none-eabi-10.3-2021.10/bin/../lib/gcc/arm-none-eabi/10.3.1/../../../../arm-none-eabi/lib/thumb/v7-m/nofp\libc_nano.a(lib_a-init.o)
__init_array_start                                p:/sw/tool/gcc-arm-none-eabi-10.3-2021.10/bin/../lib/gcc/arm-none-eabi/10.3.1/../../../../arm-none-eabi/lib/thumb/v7-m/nofp\libc_nano.a(lib_a-init.o)
__libc_fini_array                                 p:/sw/tool/gcc-arm-none-eabi-10.3-2021.10/bin/../lib/gcc/arm-none-eabi/10.3.1/../../../../arm-none-eabi/lib/thumb/v7-m/nofp/crt0.o
__libc_init_array                                 p:/sw/tool/gcc-arm-none-eabi-10.3-2021.10/bin/../lib/gcc/arm-none-eabi/10.3.1/../../../../arm-none-eabi/lib/thumb/v7-m/nofp\libc_nano.a(lib_a-init.o)
                                                  build/startup_stm32f103xb.o
                                                  p:/sw/tool/gcc-arm-none-eabi-10.3-2021.10/bin/../lib/gcc/arm-none-eabi/10.3.1/../../../../arm-none-eabi/lib/thumb/v7-m/nofp/crt0.o
__preinit_array_end                               p:/sw/tool/gcc-arm-none-eabi-10.3-2021.10/bin/../lib/gcc/arm-none-eabi/10.3.1/../../../../arm-none-eabi/lib/thumb/v7-m/nofp\libc_nano.a(lib_a-init.o)
__preinit_array_start                             p:/sw/tool/gcc-arm-none-eabi-10.3-2021.10/bin/../lib/gcc/arm-none-eabi/10.3.1/../../../../arm-none-eabi/lib/thumb/v7-m/nofp\libc_nano.a(lib_a-init.o)
__register_frame_info                             p:/sw/tool/gcc-arm-none-eabi-10.3-2021.10/bin/../lib/gcc/arm-none-eabi/10.3.1/thumb/v7-m/nofp/crtbegin.o
__sf_fake_stderr                                  p:/sw/tool/gcc-arm-none-eabi-10.3-2021.10/bin/../lib/gcc/arm-none-eabi/10.3.1/../../../../arm-none-eabi/lib/thumb/v7-m/nofp\libc_nano.a(lib_a-impure.o)
__sf_fake_stdin                                   p:/sw/tool/gcc-arm-none-eabi-10.3-2021.10/bin/../lib/gcc/arm-none-eabi/10.3.1/../../../../arm-none-eabi/lib/thumb/v7-m/nofp\libc_nano.a(lib_a-impure.o)
__sf_fake_stdout                                  p:/sw/tool/gcc-arm-none-eabi-10.3-2021.10/bin/../lib/gcc/arm-none-eabi/10.3.1/../../../../arm-none-eabi/lib/thumb/v7-m/nofp\libc_nano.a(lib_a-impure.o)
__stack                                           p:/sw/tool/gcc-arm-none-eabi-10.3-2021.10/bin/../lib/gcc/arm-none-eabi/10.3.1/../../../../arm-none-eabi/lib/thumb/v7-m/nofp/crt0.o
_ebss                                             build/startup_stm32f103xb.o
_edata                                            build/startup_stm32f103xb.o
_estack                                           build/startup_stm32f103xb.o
_exit                                             p:/sw/tool/gcc-arm-none-eabi-10.3-2021.10/bin/../lib/gcc/arm-none-eabi/10.3.1/../../../../arm-none-eabi/lib/thumb/v7-m/nofp\libnosys.a(_exit.o)
                                                  p:/sw/tool/gcc-arm-none-eabi-10.3-2021.10/bin/../lib/gcc/arm-none-eabi/10.3.1/../../../../arm-none-eabi/lib/thumb/v7-m/nofp\libc_nano.a(lib_a-exit.o)
_fini                                             p:/sw/tool/gcc-arm-none-eabi-10.3-2021.10/bin/../lib/gcc/arm-none-eabi/10.3.1/thumb/v7-m/nofp/crti.o
_global_impure_ptr                                p:/sw/tool/gcc-arm-none-eabi-10.3-2021.10/bin/../lib/gcc/arm-none-eabi/10.3.1/../../../../arm-none-eabi/lib/thumb/v7-m/nofp\libc_nano.a(lib_a-impure.o)
                                                  p:/sw/tool/gcc-arm-none-eabi-10.3-2021.10/bin/../lib/gcc/arm-none-eabi/10.3.1/../../../../arm-none-eabi/lib/thumb/v7-m/nofp\libc_nano.a(lib_a-exit.o)
_impure_ptr                                       p:/sw/tool/gcc-arm-none-eabi-10.3-2021.10/bin/../lib/gcc/arm-none-eabi/10.3.1/../../../../arm-none-eabi/lib/thumb/v7-m/nofp\libc_nano.a(lib_a-impure.o)
_init                                             p:/sw/tool/gcc-arm-none-eabi-10.3-2021.10/bin/../lib/gcc/arm-none-eabi/10.3.1/thumb/v7-m/nofp/crti.o
                                                  p:/sw/tool/gcc-arm-none-eabi-10.3-2021.10/bin/../lib/gcc/arm-none-eabi/10.3.1/../../../../arm-none-eabi/lib/thumb/v7-m/nofp\libc_nano.a(lib_a-init.o)
_mainCRTStartup                                   p:/sw/tool/gcc-arm-none-eabi-10.3-2021.10/bin/../lib/gcc/arm-none-eabi/10.3.1/../../../../arm-none-eabi/lib/thumb/v7-m/nofp/crt0.o
_sbss                                             build/startup_stm32f103xb.o
_sdata                                            build/startup_stm32f103xb.o
_sidata                                           build/startup_stm32f103xb.o
_stack_init                                       p:/sw/tool/gcc-arm-none-eabi-10.3-2021.10/bin/../lib/gcc/arm-none-eabi/10.3.1/../../../../arm-none-eabi/lib/thumb/v7-m/nofp/crt0.o
_start                                            p:/sw/tool/gcc-arm-none-eabi-10.3-2021.10/bin/../lib/gcc/arm-none-eabi/10.3.1/../../../../arm-none-eabi/lib/thumb/v7-m/nofp/crt0.o
atexit                                            p:/sw/tool/gcc-arm-none-eabi-10.3-2021.10/bin/../lib/gcc/arm-none-eabi/10.3.1/../../../../arm-none-eabi/lib/thumb/v7-m/nofp/crt0.o
exit                                              p:/sw/tool/gcc-arm-none-eabi-10.3-2021.10/bin/../lib/gcc/arm-none-eabi/10.3.1/../../../../arm-none-eabi/lib/thumb/v7-m/nofp\libc_nano.a(lib_a-exit.o)
                                                  p:/sw/tool/gcc-arm-none-eabi-10.3-2021.10/bin/../lib/gcc/arm-none-eabi/10.3.1/../../../../arm-none-eabi/lib/thumb/v7-m/nofp/crt0.o
g_pfnVectors                                      build/startup_stm32f103xb.o
hUsbDeviceFS                                      build/usb_device.o
                                                  build/usbd_cdc_if.o
hardware_init_hook                                p:/sw/tool/gcc-arm-none-eabi-10.3-2021.10/bin/../lib/gcc/arm-none-eabi/10.3.1/../../../../arm-none-eabi/lib/thumb/v7-m/nofp/crt0.o
hpcd_USB_FS                                       build/usbd_conf.o
                                                  build/stm32f1xx_it.o
main                                              build/main.o
                                                  build/startup_stm32f103xb.o
                                                  p:/sw/tool/gcc-arm-none-eabi-10.3-2021.10/bin/../lib/gcc/arm-none-eabi/10.3.1/../../../../arm-none-eabi/lib/thumb/v7-m/nofp/crt0.o
memset                                            p:/sw/tool/gcc-arm-none-eabi-10.3-2021.10/bin/../lib/gcc/arm-none-eabi/10.3.1/../../../../arm-none-eabi/lib/thumb/v7-m/nofp\libc_nano.a(lib_a-memset.o)
                                                  build/main.o
                                                  p:/sw/tool/gcc-arm-none-eabi-10.3-2021.10/bin/../lib/gcc/arm-none-eabi/10.3.1/../../../../arm-none-eabi/lib/thumb/v7-m/nofp/crt0.o
pFlash                                            build/stm32f1xx_hal_flash.o
                                                  build/stm32f1xx_hal_flash_ex.o
software_init_hook                                p:/sw/tool/gcc-arm-none-eabi-10.3-2021.10/bin/../lib/gcc/arm-none-eabi/10.3.1/../../../../arm-none-eabi/lib/thumb/v7-m/nofp/crt0.o
uwTick                                            build/stm32f1xx_hal.o
uwTickFreq                                        build/stm32f1xx_hal.o
uwTickPrio                                        build/stm32f1xx_hal.o
                                                  build/stm32f1xx_hal_rcc.o